Archive member included because of file (symbol)

c:/program files (x86)/atollic/truestudio for arm pro 4.1.0/armtools/bin/../lib/gcc/arm-atollic-eabi/4.7.3/../../../../arm-atollic-eabi/lib/armv7-m\libc.a(lib_a-assert.o)
                              src\drive_task.o (__assert_func)
c:/program files (x86)/atollic/truestudio for arm pro 4.1.0/armtools/bin/../lib/gcc/arm-atollic-eabi/4.7.3/../../../../arm-atollic-eabi/lib/armv7-m\libc.a(lib_a-fiprintf.o)
                              c:/program files (x86)/atollic/truestudio for arm pro 4.1.0/armtools/bin/../lib/gcc/arm-atollic-eabi/4.7.3/../../../../arm-atollic-eabi/lib/armv7-m\libc.a(lib_a-assert.o) (fiprintf)
c:/program files (x86)/atollic/truestudio for arm pro 4.1.0/armtools/bin/../lib/gcc/arm-atollic-eabi/4.7.3/../../../../arm-atollic-eabi/lib/armv7-m\libc.a(lib_a-impure.o)
                              c:/program files (x86)/atollic/truestudio for arm pro 4.1.0/armtools/bin/../lib/gcc/arm-atollic-eabi/4.7.3/../../../../arm-atollic-eabi/lib/armv7-m\libc.a(lib_a-assert.o) (_impure_ptr)
c:/program files (x86)/atollic/truestudio for arm pro 4.1.0/armtools/bin/../lib/gcc/arm-atollic-eabi/4.7.3/../../../../arm-atollic-eabi/lib/armv7-m\libc.a(lib_a-init.o)
                              src\startup_stm32f2xx.o (__libc_init_array)
c:/program files (x86)/atollic/truestudio for arm pro 4.1.0/armtools/bin/../lib/gcc/arm-atollic-eabi/4.7.3/../../../../arm-atollic-eabi/lib/armv7-m\libc.a(lib_a-memcpy.o)
                              src\hcmd.o (memcpy)
c:/program files (x86)/atollic/truestudio for arm pro 4.1.0/armtools/bin/../lib/gcc/arm-atollic-eabi/4.7.3/../../../../arm-atollic-eabi/lib/armv7-m\libc.a(lib_a-memset.o)
                              src\hostcomm.o (memset)
c:/program files (x86)/atollic/truestudio for arm pro 4.1.0/armtools/bin/../lib/gcc/arm-atollic-eabi/4.7.3/../../../../arm-atollic-eabi/lib/armv7-m\libc.a(lib_a-strcat.o)
                              src\drive_task.o (strcat)
c:/program files (x86)/atollic/truestudio for arm pro 4.1.0/armtools/bin/../lib/gcc/arm-atollic-eabi/4.7.3/../../../../arm-atollic-eabi/lib/armv7-m\libc.a(lib_a-strcmp.o)
                              Drivers\src\dev.o (strcmp)
c:/program files (x86)/atollic/truestudio for arm pro 4.1.0/armtools/bin/../lib/gcc/arm-atollic-eabi/4.7.3/../../../../arm-atollic-eabi/lib/armv7-m\libc.a(lib_a-strlen.o)
                              src\itoa.o (strlen)
c:/program files (x86)/atollic/truestudio for arm pro 4.1.0/armtools/bin/../lib/gcc/arm-atollic-eabi/4.7.3/../../../../arm-atollic-eabi/lib/armv7-m\libc.a(lib_a-strncmp.o)
                              Drivers\src\dev.o (strncmp)
c:/program files (x86)/atollic/truestudio for arm pro 4.1.0/armtools/bin/../lib/gcc/arm-atollic-eabi/4.7.3/../../../../arm-atollic-eabi/lib/armv7-m\libc.a(lib_a-strncpy.o)
                              FreeRTOS\tasks.o (strncpy)
c:/program files (x86)/atollic/truestudio for arm pro 4.1.0/armtools/bin/../lib/gcc/arm-atollic-eabi/4.7.3/../../../../arm-atollic-eabi/lib/armv7-m\libc.a(lib_a-vfiprintf.o)
                              c:/program files (x86)/atollic/truestudio for arm pro 4.1.0/armtools/bin/../lib/gcc/arm-atollic-eabi/4.7.3/../../../../arm-atollic-eabi/lib/armv7-m\libc.a(lib_a-fiprintf.o) (_vfiprintf_r)
c:/program files (x86)/atollic/truestudio for arm pro 4.1.0/armtools/bin/../lib/gcc/arm-atollic-eabi/4.7.3/../../../../arm-atollic-eabi/lib/armv7-m\libc.a(lib_a-wsetup.o)
                              c:/program files (x86)/atollic/truestudio for arm pro 4.1.0/armtools/bin/../lib/gcc/arm-atollic-eabi/4.7.3/../../../../arm-atollic-eabi/lib/armv7-m\libc.a(lib_a-vfiprintf.o) (__swsetup_r)
c:/program files (x86)/atollic/truestudio for arm pro 4.1.0/armtools/bin/../lib/gcc/arm-atollic-eabi/4.7.3/../../../../arm-atollic-eabi/lib/armv7-m\libc.a(lib_a-abort.o)
                              c:/program files (x86)/atollic/truestudio for arm pro 4.1.0/armtools/bin/../lib/gcc/arm-atollic-eabi/4.7.3/../../../../arm-atollic-eabi/lib/armv7-m\libc.a(lib_a-assert.o) (abort)
c:/program files (x86)/atollic/truestudio for arm pro 4.1.0/armtools/bin/../lib/gcc/arm-atollic-eabi/4.7.3/../../../../arm-atollic-eabi/lib/armv7-m\libc.a(lib_a-fflush.o)
                              c:/program files (x86)/atollic/truestudio for arm pro 4.1.0/armtools/bin/../lib/gcc/arm-atollic-eabi/4.7.3/../../../../arm-atollic-eabi/lib/armv7-m\libc.a(lib_a-vfiprintf.o) (_fflush_r)
c:/program files (x86)/atollic/truestudio for arm pro 4.1.0/armtools/bin/../lib/gcc/arm-atollic-eabi/4.7.3/../../../../arm-atollic-eabi/lib/armv7-m\libc.a(lib_a-findfp.o)
                              c:/program files (x86)/atollic/truestudio for arm pro 4.1.0/armtools/bin/../lib/gcc/arm-atollic-eabi/4.7.3/../../../../arm-atollic-eabi/lib/armv7-m\libc.a(lib_a-vfiprintf.o) (__sinit)
c:/program files (x86)/atollic/truestudio for arm pro 4.1.0/armtools/bin/../lib/gcc/arm-atollic-eabi/4.7.3/../../../../arm-atollic-eabi/lib/armv7-m\libc.a(lib_a-fputwc.o)
[...]
Memory Configuration

Name             Origin             Length             Attributes
FLASH            0x08000000         0x00040000         xr
RAM              0x20000000         0x00014000         xrw
MEMORY_B1        0x60000000         0x00000000         xr
*default*        0x00000000         0xffffffff

Linker script and memory map

LOAD c:/program files (x86)/atollic/truestudio for arm pro 4.1.0/armtools/bin/../lib/gcc/arm-atollic-eabi/4.7.3/armv7-m/crti.o
LOAD c:/program files (x86)/atollic/truestudio for arm pro 4.1.0/armtools/bin/../lib/gcc/arm-atollic-eabi/4.7.3/armv7-m/crtbegin.o
LOAD src\system_stm32f2xx.o
LOAD src\stm32f2xx_it.o
LOAD src\startup_stm32f2xx.o
LOAD src\root_task.o
LOAD src\payload.o
LOAD src\packetbuf.o
LOAD src\oshooks.o
LOAD src\main.o
LOAD src\itoa.o
LOAD src\irqhndl.o
LOAD src\hostcomm.o
LOAD src\hcmdtask.o
LOAD src\hcmd.o
LOAD src\handlers.o
LOAD src\drive_task.o
LOAD src\drive_comm.o
LOAD src\devices.o
LOAD src\crc16.o
LOAD src\Pbuffer.o
LOAD src\Mcc_SPI.o
LOAD src\InitHost.o
LOAD src\AbsEncoderSSI.o
LOAD Libraries\STM32F2xx_StdPeriph_Driver\src\stm32f2xx_wwdg.o
LOAD Libraries\STM32F2xx_StdPeriph_Driver\src\stm32f2xx_usart.o
LOAD Libraries\STM32F2xx_StdPeriph_Driver\src\stm32f2xx_tim.o
LOAD Libraries\STM32F2xx_StdPeriph_Driver\src\stm32f2xx_syscfg.o
LOAD Libraries\STM32F2xx_StdPeriph_Driver\src\stm32f2xx_spi.o
LOAD Libraries\STM32F2xx_StdPeriph_Driver\src\stm32f2xx_sdio.o
LOAD Libraries\STM32F2xx_StdPeriph_Driver\src\stm32f2xx_rtc.o
LOAD Libraries\STM32F2xx_StdPeriph_Driver\src\stm32f2xx_rng.o
LOAD Libraries\STM32F2xx_StdPeriph_Driver\src\stm32f2xx_rcc.o
LOAD Libraries\STM32F2xx_StdPeriph_Driver\src\stm32f2xx_pwr.o
LOAD Libraries\STM32F2xx_StdPeriph_Driver\src\stm32f2xx_iwdg.o
LOAD Libraries\STM32F2xx_StdPeriph_Driver\src\stm32f2xx_i2c.o
LOAD Libraries\STM32F2xx_StdPeriph_Driver\src\stm32f2xx_hash_sha1.o
LOAD Libraries\STM32F2xx_StdPeriph_Driver\src\stm32f2xx_hash_md5.o
LOAD Libraries\STM32F2xx_StdPeriph_Driver\src\stm32f2xx_hash.o
LOAD Libraries\STM32F2xx_StdPeriph_Driver\src\stm32f2xx_gpio.o
LOAD Libraries\STM32F2xx_StdPeriph_Driver\src\stm32f2xx_fsmc.o
LOAD Libraries\STM32F2xx_StdPeriph_Driver\src\stm32f2xx_flash.o
LOAD Libraries\STM32F2xx_StdPeriph_Driver\src\stm32f2xx_exti.o
LOAD Libraries\STM32F2xx_StdPeriph_Driver\src\stm32f2xx_dma.o
LOAD Libraries\STM32F2xx_StdPeriph_Driver\src\stm32f2xx_dcmi.o
LOAD Libraries\STM32F2xx_StdPeriph_Driver\src\stm32f2xx_dbgmcu.o
LOAD Libraries\STM32F2xx_StdPeriph_Driver\src\stm32f2xx_dac.o
LOAD Libraries\STM32F2xx_StdPeriph_Driver\src\stm32f2xx_cryp_tdes.o
LOAD Libraries\STM32F2xx_StdPeriph_Driver\src\stm32f2xx_cryp_des.o
LOAD Libraries\STM32F2xx_StdPeriph_Driver\src\stm32f2xx_cryp_aes.o
LOAD Libraries\STM32F2xx_StdPeriph_Driver\src\stm32f2xx_cryp.o
LOAD Libraries\STM32F2xx_StdPeriph_Driver\src\stm32f2xx_crc.o
LOAD Libraries\STM32F2xx_StdPeriph_Driver\src\stm32f2xx_can.o
LOAD Libraries\STM32F2xx_StdPeriph_Driver\src\stm32f2xx_adc.o
LOAD Libraries\STM32F2xx_StdPeriph_Driver\src\misc.o
LOAD FreeRTOS\timers.o
LOAD FreeRTOS\tasks.o
LOAD FreeRTOS\queue.o
LOAD FreeRTOS\portable\MemMang\heap_2.o
LOAD FreeRTOS\portable\GCC\ARM_CM3\port.o
LOAD FreeRTOS\list.o
LOAD Drivers\st_usart\st_usart.o
LOAD Drivers\st_spi\st_spi.o
LOAD Drivers\st_i2c\st_i2c.o
LOAD Drivers\st_dma\st_dma.o
LOAD Drivers\src\sem.o
LOAD Drivers\src\que.o
LOAD Drivers\src\membuf.o
LOAD Drivers\src\gio\iodev_stub.o
LOAD Drivers\src\gio\gio_submit.o
LOAD Drivers\src\gio\gio_delete.o
LOAD Drivers\src\gio\gio_create.o
LOAD Drivers\src\gio\gio_cntl.o
LOAD Drivers\src\gio\gio_cfg.o
LOAD Drivers\src\gio\gio_callback.o
LOAD Drivers\src\gio\gio.o
LOAD Drivers\src\dev_data.o
LOAD Drivers\src\dev.o
START GROUP
LOAD c:/program files (x86)/atollic/truestudio for arm pro 4.1.0/armtools/bin/../lib/gcc/arm-atollic-eabi/4.7.3/../../../../arm-atollic-eabi/lib/armv7-m\libc.a
LOAD c:/program files (x86)/atollic/truestudio for arm pro 4.1.0/armtools/bin/../lib/gcc/arm-atollic-eabi/4.7.3/../../../../arm-atollic-eabi/lib/armv7-m\libm.a
END GROUP
                0x00001000                malloc_getpagesize_P = 0x1000
START GROUP
LOAD c:/program files (x86)/atollic/truestudio for arm pro 4.1.0/armtools/bin/../lib/gcc/arm-atollic-eabi/4.7.3/armv7-m\libgcc.a
LOAD c:/program files (x86)/atollic/truestudio for arm pro 4.1.0/armtools/bin/../lib/gcc/arm-atollic-eabi/4.7.3/../../../../arm-atollic-eabi/lib/armv7-m\libc.a
END GROUP
LOAD c:/program files (x86)/atollic/truestudio for arm pro 4.1.0/armtools/bin/../lib/gcc/arm-atollic-eabi/4.7.3/armv7-m/crtend.o
LOAD c:/program files (x86)/atollic/truestudio for arm pro 4.1.0/armtools/bin/../lib/gcc/arm-atollic-eabi/4.7.3/armv7-m/crtn.o
                0x20014000                _estack = 0x20014000
                0x00000000                _Min_Heap_Size = 0x0
                0x00000400                _Min_Stack_Size = 0x400

.isr_vector     0x08000000      0x184
                0x08000000                . = ALIGN (0x4)
 *(.isr_vector)
 .isr_vector    0x08000000      0x184 src\startup_stm32f2xx.o
                0x08000000                g_pfnVectors
                0x08000184                . = ALIGN (0x4)

.text           0x08000184     0xd1f8
                0x08000184                . = ALIGN (0x4)
 *(.text)
 .text          0x08000184       0x54 c:/program files (x86)/atollic/truestudio for arm pro 4.1.0/armtools/bin/../lib/gcc/arm-atollic-eabi/4.7.3/armv7-m/crtbegin.o
 .text          0x080001d8       0x2c c:/program files (x86)/atollic/truestudio for arm pro 4.1.0/armtools/bin/../lib/gcc/arm-atollic-eabi/4.7.3/armv7-m\libgcc.a(_aeabi_uldivmod.o)
                0x080001d8                __aeabi_uldivmod
 .text          0x08000204       0x60 c:/program files (x86)/atollic/truestudio for arm pro 4.1.0/armtools/bin/../lib/gcc/arm-atollic-eabi/4.7.3/armv7-m\libgcc.a(bpabi.o)
                0x08000204                __gnu_ldivmod_helper
                0x08000234                __gnu_uldivmod_helper
 .text          0x08000264        0x4 c:/program files (x86)/atollic/truestudio for arm pro 4.1.0/armtools/bin/../lib/gcc/arm-atollic-eabi/4.7.3/armv7-m\libgcc.a(_dvmd_tls.o)
                0x08000264                __aeabi_idiv0
                0x08000264                __aeabi_ldiv0
 .text          0x08000268      0x2bc c:/program files (x86)/atollic/truestudio for arm pro 4.1.0/armtools/bin/../lib/gcc/arm-atollic-eabi/4.7.3/armv7-m\libgcc.a(_divdi3.o)
                0x08000268                __divdi3
 .text          0x08000524      0x28c c:/program files (x86)/atollic/truestudio for arm pro 4.1.0/armtools/bin/../lib/gcc/arm-atollic-eabi/4.7.3/armv7-m\libgcc.a(_udivdi3.o)
                0x08000524                __udivdi3
 *(.text*)
 .text.SystemInit
                0x080007b0       0x94 src\system_stm32f2xx.o
                0x080007b0                SystemInit
 .text.SetSysClock
                0x08000844      0x154 src\system_stm32f2xx.o
 .text.NMI_Handler
                0x08000998        0xc src\stm32f2xx_it.o
                0x08000998                NMI_Handler
 .text.HardFault_Handler
                0x080009a4       0x1c src\stm32f2xx_it.o
                0x080009a4                HardFault_Handler
 .text.MemManage_Handler
                0x080009c0        0x8 src\stm32f2xx_it.o
                0x080009c0                MemManage_Handler
 .text.BusFault_Handler
                0x080009c8        0x8 src\stm32f2xx_it.o
                0x080009c8                BusFault_Handler
 .text.UsageFault_Handler
                0x080009d0        0x8 src\stm32f2xx_it.o
                0x080009d0                UsageFault_Handler
 .text.DebugMon_Handler
                0x080009d8        0xc src\stm32f2xx_it.o
                0x080009d8                DebugMon_Handler
 .text.EXTI15_10_IRQHandler
                0x080009e4       0x5c src\stm32f2xx_it.o
                0x080009e4                EXTI15_10_IRQHandler
 .text.EXTI9_5_IRQHandler
                0x08000a40       0x58 src\stm32f2xx_it.o
                0x08000a40                EXTI9_5_IRQHandler
 .text.ETH_IRQHandler
                0x08000a98        0xc src\stm32f2xx_it.o
                0x08000a98                ETH_IRQHandler
 .text.USART1_IRQHandler
                0x08000aa4       0x5c src\stm32f2xx_it.o
                0x08000aa4                USART1_IRQHandler
 .text.USART2_IRQHandler
                0x08000b00       0x5c src\stm32f2xx_it.o
                0x08000b00                USART2_IRQHandler
 .text.USART3_IRQHandler
                0x08000b5c       0x5c src\stm32f2xx_it.o
                0x08000b5c                USART3_IRQHandler
 .text.UART4_IRQHandler
                0x08000bb8       0x5c src\stm32f2xx_it.o
                0x08000bb8                UART4_IRQHandler
 .text.UART5_IRQHandler
                0x08000c14       0x5c src\stm32f2xx_it.o
                0x08000c14                UART5_IRQHandler
 .text.USART6_IRQHandler
                0x08000c70       0x5c src\stm32f2xx_it.o
                0x08000c70                USART6_IRQHandler
 .text.SPI1_IRQHandler
                0x08000ccc       0x5c src\stm32f2xx_it.o
                0x08000ccc                SPI1_IRQHandler
 .text.SPI2_IRQHandler
                0x08000d28       0x5c src\stm32f2xx_it.o
                0x08000d28                SPI2_IRQHandler
 .text.SPI3_IRQHandler
                0x08000d84       0x5c src\stm32f2xx_it.o
                0x08000d84                SPI3_IRQHandler
 .text.I2C1_EV_IRQHandler
                0x08000de0       0x58 src\stm32f2xx_it.o
                0x08000de0                I2C1_EV_IRQHandler
 .text.I2C1_ER_IRQHandler
                0x08000e38       0x5c src\stm32f2xx_it.o
                0x08000e38                I2C1_ER_IRQHandler
 .text.I2C2_EV_IRQHandler
                0x08000e94       0x5c src\stm32f2xx_it.o
                0x08000e94                I2C2_EV_IRQHandler
 .text.I2C2_ER_IRQHandler
                0x08000ef0       0x5c src\stm32f2xx_it.o
                0x08000ef0                I2C2_ER_IRQHandler
 .text.I2C3_EV_IRQHandler
                0x08000f4c       0x5c src\stm32f2xx_it.o
                0x08000f4c                I2C3_EV_IRQHandler
 .text.I2C3_ER_IRQHandler
                0x08000fa8       0x5c src\stm32f2xx_it.o
                0x08000fa8                I2C3_ER_IRQHandler
 .text.DMA1_Stream0_IRQHandler
                0x08001004       0x58 src\stm32f2xx_it.o
                0x08001004                DMA1_Stream0_IRQHandler
 .text.DMA1_Stream1_IRQHandler
                0x0800105c       0x58 src\stm32f2xx_it.o
                0x0800105c                DMA1_Stream1_IRQHandler
 .text.DMA1_Stream2_IRQHandler
                0x080010b4       0x58 src\stm32f2xx_it.o
                0x080010b4                DMA1_Stream2_IRQHandler
 .text.DMA1_Stream3_IRQHandler
                0x0800110c       0x58 src\stm32f2xx_it.o
                0x0800110c                DMA1_Stream3_IRQHandler
 .text.DMA1_Stream4_IRQHandler
                0x08001164       0x58 src\stm32f2xx_it.o
                0x08001164                DMA1_Stream4_IRQHandler
 .text.DMA1_Stream5_IRQHandler
                0x080011bc       0x58 src\stm32f2xx_it.o
                0x080011bc                DMA1_Stream5_IRQHandler
 .text.DMA1_Stream6_IRQHandler
                0x08001214       0x58 src\stm32f2xx_it.o
                0x08001214                DMA1_Stream6_IRQHandler
 .text.DMA1_Stream7_IRQHandler
                0x0800126c       0x5c src\stm32f2xx_it.o
                0x0800126c                DMA1_Stream7_IRQHandler
 .text.DMA2_Stream0_IRQHandler
                0x080012c8       0x5c src\stm32f2xx_it.o
                0x080012c8                DMA2_Stream0_IRQHandler
 .text.DMA2_Stream1_IRQHandler
                0x08001324       0x5c src\stm32f2xx_it.o
                0x08001324                DMA2_Stream1_IRQHandler
 .text.DMA2_Stream2_IRQHandler
                0x08001380       0x5c src\stm32f2xx_it.o
                0x08001380                DMA2_Stream2_IRQHandler
 .text.DMA2_Stream3_IRQHandler
                0x080013dc       0x5c src\stm32f2xx_it.o
                0x080013dc                DMA2_Stream3_IRQHandler
 .text.DMA2_Stream4_IRQHandler
                0x08001438       0x5c src\stm32f2xx_it.o
                0x08001438                DMA2_Stream4_IRQHandler
 .text.DMA2_Stream5_IRQHandler
                0x08001494       0x5c src\stm32f2xx_it.o
                0x08001494                DMA2_Stream5_IRQHandler
 .text.DMA2_Stream6_IRQHandler
                0x080014f0       0x5c src\stm32f2xx_it.o
                0x080014f0                DMA2_Stream6_IRQHandler
 .text.DMA2_Stream7_IRQHandler
                0x0800154c       0x5c src\stm32f2xx_it.o
                0x0800154c                DMA2_Stream7_IRQHandler
 .text.TIM4_IRQHandler
                0x080015a8       0x58 src\stm32f2xx_it.o
                0x080015a8                TIM4_IRQHandler
 .text.TIM3_IRQHandler
                0x08001600       0x58 src\stm32f2xx_it.o
                0x08001600                TIM3_IRQHandler
 .text.Reset_Handler
                0x08001658       0x58 src\startup_stm32f2xx.o
                0x08001658                Reset_Handler
 .text.Default_Handler
                0x080016b0        0x4 src\startup_stm32f2xx.o
                0x080016b0                RTC_Alarm_IRQHandler
                0x080016b0                HASH_RNG_IRQHandler
                0x080016b0                EXTI2_IRQHandler
                0x080016b0                TIM8_CC_IRQHandler
                0x080016b0                TIM1_CC_IRQHandler
                0x080016b0                PVD_IRQHandler
                0x080016b0                SDIO_IRQHandler
                0x080016b0                TAMP_STAMP_IRQHandler
                0x080016b0                CAN2_RX1_IRQHandler
                0x080016b0                EXTI3_IRQHandler
                0x080016b0                TIM8_TRG_COM_TIM14_IRQHandler
                0x080016b0                TIM1_UP_TIM10_IRQHandler
                0x080016b0                TIM8_UP_TIM13_IRQHandler
                0x080016b0                EXTI0_IRQHandler
                0x080016b0                CAN1_RX0_IRQHandler
                0x080016b0                OTG_HS_WKUP_IRQHandler
                0x080016b0                CAN2_SCE_IRQHandler
                0x080016b0                TIM6_DAC_IRQHandler
                0x080016b0                TIM1_BRK_TIM9_IRQHandler
                0x080016b0                DCMI_IRQHandler
                0x080016b0                CAN2_RX0_IRQHandler
                0x080016b0                CRYP_IRQHandler
                0x080016b0                CAN1_RX1_IRQHandler
                0x080016b0                RCC_IRQHandler
                0x080016b0                TIM8_BRK_TIM12_IRQHandler
                0x080016b0                Default_Handler
                0x080016b0                ADC_IRQHandler
                0x080016b0                TIM7_IRQHandler
                0x080016b0                CAN2_TX_IRQHandler
                0x080016b0                TIM5_IRQHandler
                0x080016b0                RTC_WKUP_IRQHandler
                0x080016b0                ETH_WKUP_IRQHandler
                0x080016b0                OTG_HS_EP1_IN_IRQHandler
                0x080016b0                CAN1_TX_IRQHandler
                0x080016b0                EXTI4_IRQHandler
                0x080016b0                FSMC_IRQHandler
                0x080016b0                OTG_HS_EP1_OUT_IRQHandler
                0x080016b0                WWDG_IRQHandler
                0x080016b0                TIM2_IRQHandler
                0x080016b0                OTG_FS_WKUP_IRQHandler
                0x080016b0                TIM1_TRG_COM_TIM11_IRQHandler
                0x080016b0                OTG_HS_IRQHandler
                0x080016b0                EXTI1_IRQHandler
                0x080016b0                CAN1_SCE_IRQHandler
                0x080016b0                FLASH_IRQHandler
                0x080016b0                OTG_FS_IRQHandler
 .text.root_task
                0x080016b4      0x194 src\root_task.o
                0x080016b4                root_task
 .text.getPacketBuffer
                0x08001848       0x58 src\packetbuf.o
                0x08001848                getPacketBuffer
 .text.getPacketBufferWithWait
                0x080018a0       0x74 src\packetbuf.o
                0x080018a0                getPacketBufferWithWait
 .text.vApplicationMallocFailedHook
                0x08001914        0x8 src\oshooks.o
                0x08001914                vApplicationMallocFailedHook
 .text.ToggleLed4
                0x0800191c       0x24 src\main.o
                0x0800191c                ToggleLed4
 .text.main     0x08001940      0x200 src\main.o
                0x08001940                main
 .text.GPIO_Config
                0x08001b40       0x8c src\main.o
                0x08001b40                GPIO_Config
 .text.reverse  0x08001bcc       0x64 src\itoa.o
                0x08001bcc                reverse
 .text.itoa     0x08001c30      0x108 src\itoa.o
                0x08001c30                itoa
 .text.initIrqHandlerTable
                0x08001d38       0x64 src\irqhndl.o
                0x08001d38                initIrqHandlerTable
 .text.installInterruptHandler
                0x08001d9c       0x54 src\irqhndl.o
                0x08001d9c                installInterruptHandler
 .text.defIrqHandler
                0x08001df0        0xc src\irqhndl.o
 .text.handleRxFromHost
                0x08001dfc      0x6f0 src\hostcomm.o
                0x08001dfc                handleRxFromHost
 .text.hostPutInBuffer
                0x080024ec       0x64 src\hostcomm.o
                0x080024ec                hostPutInBuffer
 .text.initHostTxStat
                0x08002550       0x20 src\hostcomm.o
                0x08002550                initHostTxStat
 .text.ResetHostPacketizer
                0x08002570       0x78 src\hostcomm.o
                0x08002570                ResetHostPacketizer
 .text.hCmdTask
                0x080025e8       0xc0 src\hcmdtask.o
                0x080025e8                hCmdTask
 .text.processDriveForward
                0x080026a8       0x40 src\hcmd.o
                0x080026a8                processDriveForward
 .text.processHostCommand
                0x080026e8       0x48 src\hcmd.o
                0x080026e8                processHostCommand
 .text.makeSinglePacketResponse
                0x08002730       0x80 src\hcmd.o
                0x08002730                makeSinglePacketResponse
 .text.__sPI1_IRQHandler
                0x080027b0      0x164 src\handlers.o
                0x080027b0                __sPI1_IRQHandler
 .text.__tIM3_IRQHandler
                0x08002914      0x190 src\handlers.o
                0x08002914                __tIM3_IRQHandler
 .text.QUE_dequeue
                0x08002aa4       0x30 src\drive_task.o
 .text.QUE_enqueue
                0x08002ad4       0x34 src\drive_task.o
 .text.initCtlxDevParams
                0x08002b08       0x44 src\drive_task.o
                0x08002b08                initCtlxDevParams
 .text.initCtl1DevParams
                0x08002b4c       0x20 src\drive_task.o
                0x08002b4c                initCtl1DevParams
 .text.initCtl2DevParams
                0x08002b6c       0x1c src\drive_task.o
                0x08002b6c                initCtl2DevParams
 .text.ctlRxServerTask
                0x08002b88      0x5c8 src\drive_task.o
                0x08002b88                ctlRxServerTask
 .text.ctlTxServerTask
                0x08003150      0x290 src\drive_task.o
                0x08003150                ctlTxServerTask
 .text.handleCtlIncomingData
                0x080033e0       0xa0 src\drive_task.o
                0x080033e0                handleCtlIncomingData
 .text.DriveInterpTask
                0x08003480      0xc10 src\drive_task.o
                0x08003480                DriveInterpTask
 .text.sendPacketToDriveInt
                0x08004090       0x44 src\drive_task.o
                0x08004090                sendPacketToDriveInt
 .text.sendPacketToDrive
                0x080040d4       0xa8 src\drive_task.o
                0x080040d4                sendPacketToDrive
 .text.SendCmdToDrive
                0x0800417c       0x88 src\drive_task.o
                0x0800417c                SendCmdToDrive
 .text.BuildDrivePckt
                0x08004204      0x13c src\drive_task.o
                0x08004204                BuildDrivePckt
 .text.ctlRxCallback
                0x08004340       0x44 src\drive_task.o
 .text.DriveTimeout
                0x08004384       0xb4 src\drive_task.o
                0x08004384                DriveTimeout
 .text.TIM_Config
                0x08004438      0x31c src\drive_task.o
                0x08004438                TIM_Config
 .text.PrepareFirstCommand
                0x08004754      0x1d8 src\drive_task.o
                0x08004754                PrepareFirstCommand
 .text.calc_checksum
                0x0800492c       0x4c src\drive_task.o
                0x0800492c                calc_checksum
 .text.handleRxTimeoutFromCtl
                0x08004978       0x38 src\drive_comm.o
                0x08004978                handleRxTimeoutFromCtl
 .text.handleRxFromCtl
                0x080049b0      0x27c src\drive_comm.o
                0x080049b0                handleRxFromCtl
 .text.rxFrameResync
                0x08004c2c       0x4c src\drive_comm.o
 .text.rxFrameSync
                0x08004c78       0x50 src\drive_comm.o
 .text.putInBuffer
                0x08004cc8       0x64 src\drive_comm.o
 .text.initCtlTxStat
                0x08004d2c       0x20 src\drive_comm.o
                0x08004d2c                initCtlTxStat
 .text.updateCtlTxStat
                0x08004d4c       0x3c src\drive_comm.o
                0x08004d4c                updateCtlTxStat
 .text.crc16    0x08004d88       0x90 src\crc16.o
                0x08004d88                crc16
 .text.calcHostFrameCrc
                0x08004e18       0x28 src\crc16.o
                0x08004e18                calcHostFrameCrc
 .text.Init_MCC_SPI
                0x08004e40      0x1a0 src\Mcc_SPI.o
                0x08004e40                Init_MCC_SPI
 .text.initHostInterface
                0x08004fe0       0xcc src\InitHost.o
                0x08004fe0                initHostInterface
 .text.NVIC_Configuration
                0x080050ac       0x38 src\AbsEncoderSSI.o
                0x080050ac                NVIC_Configuration
 .text.USART_Init
                0x080050e4      0x1ac Libraries\STM32F2xx_StdPeriph_Driver\src\stm32f2xx_usart.o
                0x080050e4                USART_Init
 .text.USART_StructInit
                0x08005290       0x44 Libraries\STM32F2xx_StdPeriph_Driver\src\stm32f2xx_usart.o
                0x08005290                USART_StructInit
 .text.USART_Cmd
                0x080052d4       0x40 Libraries\STM32F2xx_StdPeriph_Driver\src\stm32f2xx_usart.o
                0x080052d4                USART_Cmd
 .text.USART_SendData
                0x08005314       0x28 Libraries\STM32F2xx_StdPeriph_Driver\src\stm32f2xx_usart.o
                0x08005314                USART_SendData
 .text.USART_ReceiveData
                0x0800533c       0x24 Libraries\STM32F2xx_StdPeriph_Driver\src\stm32f2xx_usart.o
                0x0800533c                USART_ReceiveData
 .text.USART_DMACmd
                0x08005360       0x48 Libraries\STM32F2xx_StdPeriph_Driver\src\stm32f2xx_usart.o
                0x08005360                USART_DMACmd
 .text.USART_ITConfig
                0x080053a8       0xa4 Libraries\STM32F2xx_StdPeriph_Driver\src\stm32f2xx_usart.o
                0x080053a8                USART_ITConfig
 .text.USART_GetFlagStatus
                0x0800544c       0x40 Libraries\STM32F2xx_StdPeriph_Driver\src\stm32f2xx_usart.o
                0x0800544c                USART_GetFlagStatus
 .text.USART_GetITStatus
                0x0800548c       0xc4 Libraries\STM32F2xx_StdPeriph_Driver\src\stm32f2xx_usart.o
                0x0800548c                USART_GetITStatus
 .text.TIM_TimeBaseInit
                0x08005550       0xf4 Libraries\STM32F2xx_StdPeriph_Driver\src\stm32f2xx_tim.o
                0x08005550                TIM_TimeBaseInit
 .text.TIM_PrescalerConfig
                0x08005644       0x28 Libraries\STM32F2xx_StdPeriph_Driver\src\stm32f2xx_tim.o
                0x08005644                TIM_PrescalerConfig
 .text.TIM_Cmd  0x0800566c       0x40 Libraries\STM32F2xx_StdPeriph_Driver\src\stm32f2xx_tim.o
                0x0800566c                TIM_Cmd
 .text.TIM_OC1Init
                0x080056ac       0xfc Libraries\STM32F2xx_StdPeriph_Driver\src\stm32f2xx_tim.o
                0x080056ac                TIM_OC1Init
 .text.TIM_OC2Init
                0x080057a8      0x128 Libraries\STM32F2xx_StdPeriph_Driver\src\stm32f2xx_tim.o
                0x080057a8                TIM_OC2Init
 .text.TIM_OC3Init
                0x080058d0      0x120 Libraries\STM32F2xx_StdPeriph_Driver\src\stm32f2xx_tim.o
                0x080058d0                TIM_OC3Init
 .text.TIM_OC4Init
                0x080059f0       0xe0 Libraries\STM32F2xx_StdPeriph_Driver\src\stm32f2xx_tim.o
                0x080059f0                TIM_OC4Init
 .text.TIM_OCStructInit
                0x08005ad0       0x54 Libraries\STM32F2xx_StdPeriph_Driver\src\stm32f2xx_tim.o
                0x08005ad0                TIM_OCStructInit
 .text.TIM_SetCompare1
                0x08005b24       0x1c Libraries\STM32F2xx_StdPeriph_Driver\src\stm32f2xx_tim.o
                0x08005b24                TIM_SetCompare1
 .text.TIM_SetCompare3
                0x08005b40       0x1c Libraries\STM32F2xx_StdPeriph_Driver\src\stm32f2xx_tim.o
                0x08005b40                TIM_SetCompare3
 .text.TIM_SetCompare4
                0x08005b5c       0x1c Libraries\STM32F2xx_StdPeriph_Driver\src\stm32f2xx_tim.o
                0x08005b5c                TIM_SetCompare4
 .text.TIM_OC1PreloadConfig
                0x08005b78       0x38 Libraries\STM32F2xx_StdPeriph_Driver\src\stm32f2xx_tim.o
                0x08005b78                TIM_OC1PreloadConfig
 .text.TIM_OC2PreloadConfig
                0x08005bb0       0x40 Libraries\STM32F2xx_StdPeriph_Driver\src\stm32f2xx_tim.o
                0x08005bb0                TIM_OC2PreloadConfig
 .text.TIM_OC3PreloadConfig
                0x08005bf0       0x38 Libraries\STM32F2xx_StdPeriph_Driver\src\stm32f2xx_tim.o
                0x08005bf0                TIM_OC3PreloadConfig
 .text.TIM_GetCapture1
                0x08005c28       0x18 Libraries\STM32F2xx_StdPeriph_Driver\src\stm32f2xx_tim.o
                0x08005c28                TIM_GetCapture1
 .text.TIM_GetCapture3
                0x08005c40       0x18 Libraries\STM32F2xx_StdPeriph_Driver\src\stm32f2xx_tim.o
                0x08005c40                TIM_GetCapture3
 .text.TIM_GetCapture4
                0x08005c58       0x18 Libraries\STM32F2xx_StdPeriph_Driver\src\stm32f2xx_tim.o
                0x08005c58                TIM_GetCapture4
 .text.TIM_CtrlPWMOutputs
                0x08005c70       0x50 Libraries\STM32F2xx_StdPeriph_Driver\src\stm32f2xx_tim.o
                0x08005c70                TIM_CtrlPWMOutputs
 .text.TIM_ITConfig
                0x08005cc0       0x48 Libraries\STM32F2xx_StdPeriph_Driver\src\stm32f2xx_tim.o
                0x08005cc0                TIM_ITConfig
 .text.TIM_GetITStatus
                0x08005d08       0x60 Libraries\STM32F2xx_StdPeriph_Driver\src\stm32f2xx_tim.o
                0x08005d08                TIM_GetITStatus
 .text.TIM_ClearITPendingBit
                0x08005d68       0x24 Libraries\STM32F2xx_StdPeriph_Driver\src\stm32f2xx_tim.o
                0x08005d68                TIM_ClearITPendingBit
 .text.SPI_I2S_DeInit
                0x08005d8c       0x88 Libraries\STM32F2xx_StdPeriph_Driver\src\stm32f2xx_spi.o
                0x08005d8c                SPI_I2S_DeInit
 .text.SPI_Init
                0x08005e14       0x88 Libraries\STM32F2xx_StdPeriph_Driver\src\stm32f2xx_spi.o
                0x08005e14                SPI_Init
 .text.SPI_Cmd  0x08005e9c       0x40 Libraries\STM32F2xx_StdPeriph_Driver\src\stm32f2xx_spi.o
                0x08005e9c                SPI_Cmd
 .text.SPI_I2S_ReceiveData
                0x08005edc       0x1c Libraries\STM32F2xx_StdPeriph_Driver\src\stm32f2xx_spi.o
                0x08005edc                SPI_I2S_ReceiveData
 .text.SPI_I2S_ITConfig
                0x08005ef8       0x6c Libraries\STM32F2xx_StdPeriph_Driver\src\stm32f2xx_spi.o
                0x08005ef8                SPI_I2S_ITConfig
 .text.SPI_I2S_GetITStatus
                0x08005f64       0x88 Libraries\STM32F2xx_StdPeriph_Driver\src\stm32f2xx_spi.o
                0x08005f64                SPI_I2S_GetITStatus
 .text.SPI_I2S_ClearITPendingBit
                0x08005fec       0x38 Libraries\STM32F2xx_StdPeriph_Driver\src\stm32f2xx_spi.o
                0x08005fec                SPI_I2S_ClearITPendingBit
 .text.RCC_GetClocksFreq
                0x08006024      0x1cc Libraries\STM32F2xx_StdPeriph_Driver\src\stm32f2xx_rcc.o
                0x08006024                RCC_GetClocksFreq
 .text.RCC_AHB1PeriphClockCmd
                0x080061f0       0x54 Libraries\STM32F2xx_StdPeriph_Driver\src\stm32f2xx_rcc.o
                0x080061f0                RCC_AHB1PeriphClockCmd
 .text.RCC_APB1PeriphClockCmd
                0x08006244       0x54 Libraries\STM32F2xx_StdPeriph_Driver\src\stm32f2xx_rcc.o
                0x08006244                RCC_APB1PeriphClockCmd
 .text.RCC_APB2PeriphClockCmd
                0x08006298       0x54 Libraries\STM32F2xx_StdPeriph_Driver\src\stm32f2xx_rcc.o
                0x08006298                RCC_APB2PeriphClockCmd
 .text.RCC_APB1PeriphResetCmd
                0x080062ec       0x54 Libraries\STM32F2xx_StdPeriph_Driver\src\stm32f2xx_rcc.o
                0x080062ec                RCC_APB1PeriphResetCmd
 .text.RCC_APB2PeriphResetCmd
                0x08006340       0x54 Libraries\STM32F2xx_StdPeriph_Driver\src\stm32f2xx_rcc.o
                0x08006340                RCC_APB2PeriphResetCmd
 .text.GPIO_Init
                0x08006394      0x144 Libraries\STM32F2xx_StdPeriph_Driver\src\stm32f2xx_gpio.o
                0x08006394                GPIO_Init
 .text.GPIO_StructInit
                0x080064d8       0x3c Libraries\STM32F2xx_StdPeriph_Driver\src\stm32f2xx_gpio.o
                0x080064d8                GPIO_StructInit
 .text.GPIO_ToggleBits
                0x08006514       0x24 Libraries\STM32F2xx_StdPeriph_Driver\src\stm32f2xx_gpio.o
                0x08006514                GPIO_ToggleBits
 .text.GPIO_PinAFConfig
                0x08006538       0xa8 Libraries\STM32F2xx_StdPeriph_Driver\src\stm32f2xx_gpio.o
                0x08006538                GPIO_PinAFConfig
 .text.DMA_Init
                0x080065e0       0xb0 Libraries\STM32F2xx_StdPeriph_Driver\src\stm32f2xx_dma.o
                0x080065e0                DMA_Init
 .text.DMA_StructInit
                0x08006690       0x8c Libraries\STM32F2xx_StdPeriph_Driver\src\stm32f2xx_dma.o
                0x08006690                DMA_StructInit
 .text.DMA_Cmd  0x0800671c       0x38 Libraries\STM32F2xx_StdPeriph_Driver\src\stm32f2xx_dma.o
                0x0800671c                DMA_Cmd
 .text.DMA_GetCurrDataCounter
                0x08006754       0x1c Libraries\STM32F2xx_StdPeriph_Driver\src\stm32f2xx_dma.o
                0x08006754                DMA_GetCurrDataCounter
 .text.DMA_GetFlagStatus
                0x08006770       0x84 Libraries\STM32F2xx_StdPeriph_Driver\src\stm32f2xx_dma.o
                0x08006770                DMA_GetFlagStatus
 .text.DMA_ITConfig
                0x080067f4       0x74 Libraries\STM32F2xx_StdPeriph_Driver\src\stm32f2xx_dma.o
                0x080067f4                DMA_ITConfig
 .text.DMA_ClearITPendingBit
                0x08006868       0x60 Libraries\STM32F2xx_StdPeriph_Driver\src\stm32f2xx_dma.o
                0x08006868                DMA_ClearITPendingBit
 .text.NVIC_PriorityGroupConfig
                0x080068c8       0x28 Libraries\STM32F2xx_StdPeriph_Driver\src\misc.o
                0x080068c8                NVIC_PriorityGroupConfig
 .text.NVIC_Init
                0x080068f0       0xe4 Libraries\STM32F2xx_StdPeriph_Driver\src\misc.o
                0x080068f0                NVIC_Init
 .text.xTaskGenericCreate
                0x080069d4      0x1f4 FreeRTOS\tasks.o
                0x080069d4                xTaskGenericCreate
 .text.vTaskDelay
                0x08006bc8       0x5c FreeRTOS\tasks.o
                0x08006bc8                vTaskDelay
 .text.vTaskSuspend
                0x08006c24       0xc0 FreeRTOS\tasks.o
                0x08006c24                vTaskSuspend
 .text.vTaskStartScheduler
                0x08006ce4       0x84 FreeRTOS\tasks.o
                0x08006ce4                vTaskStartScheduler
 .text.vTaskSuspendAll
                0x08006d68       0x24 FreeRTOS\tasks.o
                0x08006d68                vTaskSuspendAll
 .text.xTaskResumeAll
                0x08006d8c      0x168 FreeRTOS\tasks.o
                0x08006d8c                xTaskResumeAll
 .text.xTaskGetTickCount
                0x08006ef4       0x28 FreeRTOS\tasks.o
                0x08006ef4                xTaskGetTickCount
 .text.vTaskIncrementTick
                0x08006f1c      0x1d0 FreeRTOS\tasks.o
                0x08006f1c                vTaskIncrementTick
 .text.vTaskSwitchContext
                0x080070ec       0xdc FreeRTOS\tasks.o
                0x080070ec                vTaskSwitchContext
 .text.vTaskPlaceOnEventList
                0x080071c8       0x88 FreeRTOS\tasks.o
                0x080071c8                vTaskPlaceOnEventList
 .text.xTaskRemoveFromEventList
                0x08007250       0xd4 FreeRTOS\tasks.o
                0x08007250                xTaskRemoveFromEventList
 .text.vTaskSetTimeOutState
                0x08007324       0x40 FreeRTOS\tasks.o
                0x08007324                vTaskSetTimeOutState
 .text.xTaskCheckForTimeOut
                0x08007364       0xc4 FreeRTOS\tasks.o
                0x08007364                xTaskCheckForTimeOut
 .text.vTaskMissedYield
                0x08007428       0x18 FreeRTOS\tasks.o
                0x08007428                vTaskMissedYield
 .text.prvIdleTask
                0x08007440       0x24 FreeRTOS\tasks.o
 .text.prvInitialiseTCBVariables
                0x08007464       0x78 FreeRTOS\tasks.o
 .text.prvInitialiseTaskLists
                0x080074dc       0xa4 FreeRTOS\tasks.o
 .text.prvCheckTasksWaitingTermination
                0x08007580       0x98 FreeRTOS\tasks.o
 .text.prvAddCurrentTaskToDelayedList
                0x08007618       0x8c FreeRTOS\tasks.o
 .text.prvAllocateTCBAndStack
                0x080076a4       0x70 FreeRTOS\tasks.o
 .text.prvDeleteTCB
                0x08007714       0x20 FreeRTOS\tasks.o
 .text.xTaskGetCurrentTaskHandle
                0x08007734       0x20 FreeRTOS\tasks.o
                0x08007734                xTaskGetCurrentTaskHandle
 .text.vTaskPriorityInherit
                0x08007754       0xe4 FreeRTOS\tasks.o
                0x08007754                vTaskPriorityInherit
 .text.vTaskPriorityDisinherit
                0x08007838       0x90 FreeRTOS\tasks.o
                0x08007838                vTaskPriorityDisinherit
 .text.xQueueGenericReset
                0x080078c8       0xc0 FreeRTOS\queue.o
                0x080078c8                xQueueGenericReset
 .text.xQueueGenericCreate
                0x08007988       0x8c FreeRTOS\queue.o
                0x08007988                xQueueGenericCreate
 .text.xQueueCreateCountingSemaphore
                0x08007a14       0x44 FreeRTOS\queue.o
                0x08007a14                xQueueCreateCountingSemaphore
 .text.xQueueGenericSend
                0x08007a58      0x154 FreeRTOS\queue.o
                0x08007a58                xQueueGenericSend
 .text.xQueueGenericSendFromISR
                0x08007bac       0xcc FreeRTOS\queue.o
                0x08007bac                xQueueGenericSendFromISR
 .text.xQueueGenericReceive
                0x08007c78      0x1bc FreeRTOS\queue.o
                0x08007c78                xQueueGenericReceive
 .text.xQueueReceiveFromISR
                0x08007e34       0xd0 FreeRTOS\queue.o
                0x08007e34                xQueueReceiveFromISR
 .text.vQueueDelete
                0x08007f04       0x38 FreeRTOS\queue.o
                0x08007f04                vQueueDelete
 .text.prvCopyDataToQueue
                0x08007f3c       0xc4 FreeRTOS\queue.o
 .text.prvCopyDataFromQueue
                0x08008000       0x50 FreeRTOS\queue.o
 .text.prvUnlockQueue
                0x08008050       0xa0 FreeRTOS\queue.o
 .text.prvIsQueueEmpty
                0x080080f0       0x2c FreeRTOS\queue.o
 .text.prvIsQueueFull
                0x0800811c       0x30 FreeRTOS\queue.o
 .text.vQueueAddToRegistry
                0x0800814c       0x64 FreeRTOS\queue.o
                0x0800814c                vQueueAddToRegistry
 .text.vQueueUnregisterQueue
                0x080081b0       0x54 FreeRTOS\queue.o
 .text.pvPortMalloc
                0x08008204      0x1bc FreeRTOS\portable\MemMang\heap_2.o
                0x08008204                pvPortMalloc
 .text.vPortFree
                0x080083c0       0x88 FreeRTOS\portable\MemMang\heap_2.o
                0x080083c0                vPortFree
 .text.pxPortInitialiseStack
                0x08008448       0x60 FreeRTOS\portable\GCC\ARM_CM3\port.o
                0x08008448                pxPortInitialiseStack
 .text.SVC_Handler
                0x080084a8       0x20 FreeRTOS\portable\GCC\ARM_CM3\port.o
                0x080084a8                SVC_Handler
 .text.prvPortStartFirstTask
                0x080084c8       0x14 FreeRTOS\portable\GCC\ARM_CM3\port.o
 .text.xPortStartScheduler
                0x080084dc       0x54 FreeRTOS\portable\GCC\ARM_CM3\port.o
                0x080084dc                xPortStartScheduler
 .text.vPortYieldFromISR
                0x08008530       0x18 FreeRTOS\portable\GCC\ARM_CM3\port.o
                0x08008530                vPortYieldFromISR
 .text.vPortEnterCritical
                0x08008548       0x2c FreeRTOS\portable\GCC\ARM_CM3\port.o
                0x08008548                vPortEnterCritical
 .text.vPortExitCritical
                0x08008574       0x38 FreeRTOS\portable\GCC\ARM_CM3\port.o
                0x08008574                vPortExitCritical
 .text.PendSV_Handler
                0x080085ac       0x3c FreeRTOS\portable\GCC\ARM_CM3\port.o
                0x080085ac                PendSV_Handler
 .text.SysTick_Handler
                0x080085e8       0x38 FreeRTOS\portable\GCC\ARM_CM3\port.o
                0x080085e8                SysTick_Handler
 .text.prvSetupTimerInterrupt
                0x08008620       0x2c FreeRTOS\portable\GCC\ARM_CM3\port.o
 .text.vListInitialise
                0x0800864c       0x40 FreeRTOS\list.o
                0x0800864c                vListInitialise
 .text.vListInitialiseItem
                0x0800868c       0x1c FreeRTOS\list.o
                0x0800868c                vListInitialiseItem
 .text.vListInsertEnd
                0x080086a8       0x50 FreeRTOS\list.o
                0x080086a8                vListInsertEnd
 .text.vListInsert
                0x080086f8       0x74 FreeRTOS\list.o
                0x080086f8                vListInsert
 .text.vListRemove
                0x0800876c       0x54 FreeRTOS\list.o
                0x0800876c                vListRemove
 .text.stUsartInit
                0x080087c0       0x5c Drivers\st_usart\st_usart.o
                0x080087c0                stUsartInit
 .text.stUsartBind
                0x0800881c      0x718 Drivers\st_usart\st_usart.o
 .text.stUsartUnBind
                0x08008f34       0x18 Drivers\st_usart\st_usart.o
 .text.stUsartControl
                0x08008f4c       0xe8 Drivers\st_usart\st_usart.o
 .text.stUsartCreate
                0x08009034      0x158 Drivers\st_usart\st_usart.o
 .text.stUsartDelete
                0x0800918c       0x18 Drivers\st_usart\st_usart.o
 .text.stUsartSubmit
                0x080091a4       0xdc Drivers\st_usart\st_usart.o
 .text.usartValidateParams
                0x08009280       0xb0 Drivers\st_usart\st_usart.o
 .text.usartConfigure
                0x08009330       0xc8 Drivers\st_usart\st_usart.o
 .text.usartSubmitIoReq
                0x080093f8       0xe4 Drivers\st_usart\st_usart.o
 .text.usartSubmitIoReqPolled
                0x080094dc      0x150 Drivers\st_usart\st_usart.o
 .text.usartSubmitIoReqIntDma
                0x0800962c      0x154 Drivers\st_usart\st_usart.o
 .text.usartCancelAllIo
                0x08009780       0x14 Drivers\st_usart\st_usart.o
 .text.usartOsCheckTimeOut
                0x08009794       0x60 Drivers\st_usart\st_usart.o
 .text.usartPoll
                0x080097f4      0x124 Drivers\st_usart\st_usart.o
 .text.Usart_localCompleteCurrentIO
                0x08009918      0x180 Drivers\st_usart\st_usart.o
                0x08009918                Usart_localCompleteCurrentIO
 .text.Usart_loadPendedIops
                0x08009a98      0x124 Drivers\st_usart\st_usart.o
 .text.stUsartIsr
                0x08009bbc      0x2d4 Drivers\st_usart\st_usart.o
 .text.usartSetBaudRate
                0x08009e90      0x144 Drivers\st_usart\st_usart.o
 .text.usart_localStartDmaTransfer
                0x08009fd4       0x70 Drivers\st_usart\st_usart.o
                0x08009fd4                usart_localStartDmaTransfer
 .text.usartStartDmaTxTransfer
                0x0800a044      0x248 Drivers\st_usart\st_usart.o
 .text.usartStartDmaRxTransfer
                0x0800a28c      0x258 Drivers\st_usart\st_usart.o
 .text.usart_localStopDmaTransfer
                0x0800a4e4       0x4c Drivers\st_usart\st_usart.o
 .text.stUsartDmaTxIsr
                0x0800a530      0x154 Drivers\st_usart\st_usart.o
 .text.stUsartDmaRxIsr
                0x0800a684      0x168 Drivers\st_usart\st_usart.o
 .text.initDmaManager
                0x0800a7ec       0x7c Drivers\st_dma\st_dma.o
                0x0800a7ec                initDmaManager
 .text.allocDmaResource
                0x0800a868       0xa0 Drivers\st_dma\st_dma.o
                0x0800a868                allocDmaResource
 .text.findDmaResource
                0x0800a908       0xd0 Drivers\st_dma\st_dma.o
                0x0800a908                findDmaResource
 .text.findDmaResourceId
                0x0800a9d8       0x7c Drivers\st_dma\st_dma.o
 .text.SEM_create
                0x0800aa54       0x24 Drivers\src\sem.o
                0x0800aa54                SEM_create
 .text.SEM_delete
                0x0800aa78       0x18 Drivers\src\sem.o
                0x0800aa78                SEM_delete
 .text.SEM_pend
                0x0800aa90       0x28 Drivers\src\sem.o
                0x0800aa90                SEM_pend
 .text.SEM_post
                0x0800aab8       0x7c Drivers\src\sem.o
                0x0800aab8                SEM_post
 .text.QUE_dequeue
                0x0800ab34       0x30 Drivers\src\que.o
 .text.QUE_enqueue
                0x0800ab64       0x34 Drivers\src\que.o
 .text.QUE_get  0x0800ab98       0x34 Drivers\src\que.o
                0x0800ab98                QUE_get
 .text.QUE_put  0x0800abcc       0x30 Drivers\src\que.o
                0x0800abcc                QUE_put
 .text.initMemBufPool
                0x0800abfc       0xe4 Drivers\src\membuf.o
                0x0800abfc                initMemBufPool
 .text.getMemBuf
                0x0800ace0       0x5c Drivers\src\membuf.o
                0x0800ace0                getMemBuf
 .text.retMemBuf
                0x0800ad3c       0x5c Drivers\src\membuf.o
                0x0800ad3c                retMemBuf
 .text.GIO_submit
                0x0800ad98      0x148 Drivers\src\gio\gio_submit.o
                0x0800ad98                GIO_submit
 .text.GIO_delete
                0x0800aee0       0xa0 Drivers\src\gio\gio_delete.o
                0x0800aee0                GIO_delete
 .text.GIO_create
                0x0800af80      0x178 Drivers\src\gio\gio_create.o
                0x0800af80                GIO_create
 .text._GIO_iodevCallback
                0x0800b0f8       0x6c Drivers\src\gio\gio_callback.o
                0x0800b0f8                _GIO_iodevCallback
 .text.DEV_init
                0x0800b164       0xdc Drivers\src\dev.o
                0x0800b164                DEV_init
 .text.DEV_match
                0x0800b240       0x80 Drivers\src\dev.o
                0x0800b240                DEV_match
 .text.__assert_func
                0x0800b2c0       0x38 c:/program files (x86)/atollic/truestudio for arm pro 4.1.0/armtools/bin/../lib/gcc/arm-atollic-eabi/4.7.3/../../../../arm-atollic-eabi/lib/armv7-m\libc.a(lib_a-assert.o)
                0x0800b2c0                __assert_func
 .text.fiprintf
                0x0800b2f8       0x24 c:/program files (x86)/atollic/truestudio for arm pro 4.1.0/armtools/bin/../lib/gcc/arm-atollic-eabi/4.7.3/../../../../arm-atollic-eabi/lib/armv7-m\libc.a(lib_a-fiprintf.o)
                0x0800b2f8                fiprintf
 .text.__libc_init_array
                0x0800b31c       0x4c c:/program files (x86)/atollic/truestudio for arm pro 4.1.0/armtools/bin/../lib/gcc/arm-atollic-eabi/4.7.3/../../../../arm-atollic-eabi/lib/armv7-m\libc.a(lib_a-init.o)
                0x0800b31c                __libc_init_array
 .text.memcpy   0x0800b368       0x12 c:/program files (x86)/atollic/truestudio for arm pro 4.1.0/armtools/bin/../lib/gcc/arm-atollic-eabi/4.7.3/../../../../arm-atollic-eabi/lib/armv7-m\libc.a(lib_a-memcpy.o)
                0x0800b368                memcpy
 .text.memset   0x0800b37a       0x10 c:/program files (x86)/atollic/truestudio for arm pro 4.1.0/armtools/bin/../lib/gcc/arm-atollic-eabi/4.7.3/../../../../arm-atollic-eabi/lib/armv7-m\libc.a(lib_a-memset.o)
                0x0800b37a                memset
 .text.strcat   0x0800b38a       0x1a c:/program files (x86)/atollic/truestudio for arm pro 4.1.0/armtools/bin/../lib/gcc/arm-atollic-eabi/4.7.3/../../../../arm-atollic-eabi/lib/armv7-m\libc.a(lib_a-strcat.o)
                0x0800b38a                strcat
 .text.strlen   0x0800b3a4       0x10 c:/program files (x86)/atollic/truestudio for arm pro 4.1.0/armtools/bin/../lib/gcc/arm-atollic-eabi/4.7.3/../../../../arm-atollic-eabi/lib/armv7-m\libc.a(lib_a-strlen.o)
                0x0800b3a4                strlen
 .text.strncmp  0x0800b3b4       0x2e c:/program files (x86)/atollic/truestudio for arm pro 4.1.0/armtools/bin/../lib/gcc/arm-atollic-eabi/4.7.3/../../../../arm-atollic-eabi/lib/armv7-m\libc.a(lib_a-strncmp.o)
                0x0800b3b4                strncmp
 .text.strncpy  0x0800b3e2       0x2a c:/program files (x86)/atollic/truestudio for arm pro 4.1.0/armtools/bin/../lib/gcc/arm-atollic-eabi/4.7.3/../../../../arm-atollic-eabi/lib/armv7-m\libc.a(lib_a-strncpy.o)
                0x0800b3e2                strncpy
 .text.__sprint_r
                0x0800b40c       0x68 c:/program files (x86)/atollic/truestudio for arm pro 4.1.0/armtools/bin/../lib/gcc/arm-atollic-eabi/4.7.3/../../../../arm-atollic-eabi/lib/armv7-m\libc.a(lib_a-vfiprintf.o)
                0x0800b40c                __sprint_r
 .text._vfiprintf_r
                0x0800b474      0x8dc c:/program files (x86)/atollic/truestudio for arm pro 4.1.0/armtools/bin/../lib/gcc/arm-atollic-eabi/4.7.3/../../../../arm-atollic-eabi/lib/armv7-m\libc.a(lib_a-vfiprintf.o)
                0x0800b474                _vfiprintf_r
 .text.__swsetup_r
                0x0800bd50       0xec c:/program files (x86)/atollic/truestudio for arm pro 4.1.0/armtools/bin/../lib/gcc/arm-atollic-eabi/4.7.3/../../../../arm-atollic-eabi/lib/armv7-m\libc.a(lib_a-wsetup.o)
                0x0800bd50                __swsetup_r
 .text.abort    0x0800be3c        0xe c:/program files (x86)/atollic/truestudio for arm pro 4.1.0/armtools/bin/../lib/gcc/arm-atollic-eabi/4.7.3/../../../../arm-atollic-eabi/lib/armv7-m\libc.a(lib_a-abort.o)
                0x0800be3c                abort
 *fill*         0x0800be4a        0x2 00
 .text._fflush_r
                0x0800be4c      0x15c c:/program files (x86)/atollic/truestudio for arm pro 4.1.0/armtools/bin/../lib/gcc/arm-atollic-eabi/4.7.3/../../../../arm-atollic-eabi/lib/armv7-m\libc.a(lib_a-fflush.o)
                0x0800be4c                _fflush_r
 .text._cleanup_r
                0x0800bfa8        0xc c:/program files (x86)/atollic/truestudio for arm pro 4.1.0/armtools/bin/../lib/gcc/arm-atollic-eabi/4.7.3/../../../../arm-atollic-eabi/lib/armv7-m\libc.a(lib_a-findfp.o)
                0x0800bfa8                _cleanup_r
 .text.std.isra.0
                0x0800bfb4       0x48 c:/program files (x86)/atollic/truestudio for arm pro 4.1.0/armtools/bin/../lib/gcc/arm-atollic-eabi/4.7.3/../../../../arm-atollic-eabi/lib/armv7-m\libc.a(lib_a-findfp.o)
 .text.__sfmoreglue
                0x0800bffc       0x2a c:/program files (x86)/atollic/truestudio for arm pro 4.1.0/armtools/bin/../lib/gcc/arm-atollic-eabi/4.7.3/../../../../arm-atollic-eabi/lib/armv7-m\libc.a(lib_a-findfp.o)
                0x0800bffc                __sfmoreglue
 *fill*         0x0800c026        0x2 00
 .text.__sinit  0x0800c028       0x5c c:/program files (x86)/atollic/truestudio for arm pro 4.1.0/armtools/bin/../lib/gcc/arm-atollic-eabi/4.7.3/../../../../arm-atollic-eabi/lib/armv7-m\libc.a(lib_a-findfp.o)
                0x0800c028                __sinit
 .text.__sfp    0x0800c084       0x78 c:/program files (x86)/atollic/truestudio for arm pro 4.1.0/armtools/bin/../lib/gcc/arm-atollic-eabi/4.7.3/../../../../arm-atollic-eabi/lib/armv7-m\libc.a(lib_a-findfp.o)
                0x0800c084                __sfp
 .text.__sfp_lock_acquire
                0x0800c0fc        0x2 c:/program files (x86)/atollic/truestudio for arm pro 4.1.0/armtools/bin/../lib/gcc/arm-atollic-eabi/4.7.3/../../../../arm-atollic-eabi/lib/armv7-m\libc.a(lib_a-findfp.o)
                0x0800c0fc                __sfp_lock_acquire
 .text.__sfp_lock_release
                0x0800c0fe        0x2 c:/program files (x86)/atollic/truestudio for arm pro 4.1.0/armtools/bin/../lib/gcc/arm-atollic-eabi/4.7.3/../../../../arm-atollic-eabi/lib/armv7-m\libc.a(lib_a-findfp.o)
                0x0800c0fe                __sfp_lock_release
 .text._fputwc_r
                0x0800c100       0xc0 c:/program files (x86)/atollic/truestudio for arm pro 4.1.0/armtools/bin/../lib/gcc/arm-atollic-eabi/4.7.3/../../../../arm-atollic-eabi/lib/armv7-m\libc.a(lib_a-fputwc.o)
                0x0800c100                _fputwc_r
 .text._malloc_trim_r
                0x0800c1c0       0xa8 c:/program files (x86)/atollic/truestudio for arm pro 4.1.0/armtools/bin/../lib/gcc/arm-atollic-eabi/4.7.3/../../../../arm-atollic-eabi/lib/armv7-m\libc.a(lib_a-freer.o)
                0x0800c1c0                _malloc_trim_r
 .text._free_r  0x0800c268      0x16c c:/program files (x86)/atollic/truestudio for arm pro 4.1.0/armtools/bin/../lib/gcc/arm-atollic-eabi/4.7.3/../../../../arm-atollic-eabi/lib/armv7-m\libc.a(lib_a-freer.o)
                0x0800c268                _free_r
 .text.__sfvwrite_r
                0x0800c3d4      0x2b6 c:/program files (x86)/atollic/truestudio for arm pro 4.1.0/armtools/bin/../lib/gcc/arm-atollic-eabi/4.7.3/../../../../arm-atollic-eabi/lib/armv7-m\libc.a(lib_a-fvwrite.o)
                0x0800c3d4                __sfvwrite_r
 .text._fwalk   0x0800c68a       0x40 c:/program files (x86)/atollic/truestudio for arm pro 4.1.0/armtools/bin/../lib/gcc/arm-atollic-eabi/4.7.3/../../../../arm-atollic-eabi/lib/armv7-m\libc.a(lib_a-fwalk.o)
                0x0800c68a                _fwalk
 *fill*         0x0800c6ca        0x2 00
 .text.__locale_charset
                0x0800c6cc        0x8 c:/program files (x86)/atollic/truestudio for arm pro 4.1.0/armtools/bin/../lib/gcc/arm-atollic-eabi/4.7.3/../../../../arm-atollic-eabi/lib/armv7-m\libc.a(lib_a-locale.o)
                0x0800c6cc                __locale_charset
 .text.__locale_mb_cur_max
                0x0800c6d4        0xc c:/program files (x86)/atollic/truestudio for arm pro 4.1.0/armtools/bin/../lib/gcc/arm-atollic-eabi/4.7.3/../../../../arm-atollic-eabi/lib/armv7-m\libc.a(lib_a-locale.o)
                0x0800c6d4                __locale_mb_cur_max
 .text.__smakebuf_r
                0x0800c6e0       0xd8 c:/program files (x86)/atollic/truestudio for arm pro 4.1.0/armtools/bin/../lib/gcc/arm-atollic-eabi/4.7.3/../../../../arm-atollic-eabi/lib/armv7-m\libc.a(lib_a-makebuf.o)
                0x0800c6e0                __smakebuf_r
 .text._malloc_r
                0x0800c7b8      0x414 c:/program files (x86)/atollic/truestudio for arm pro 4.1.0/armtools/bin/../lib/gcc/arm-atollic-eabi/4.7.3/../../../../arm-atollic-eabi/lib/armv7-m\libc.a(lib_a-mallocr.o)
                0x0800c7b8                _malloc_r
 .text.memchr   0x0800cbcc       0x1c c:/program files (x86)/atollic/truestudio for arm pro 4.1.0/armtools/bin/../lib/gcc/arm-atollic-eabi/4.7.3/../../../../arm-atollic-eabi/lib/armv7-m\libc.a(lib_a-memchr.o)
                0x0800cbcc                memchr
 .text.memmove  0x0800cbe8       0x34 c:/program files (x86)/atollic/truestudio for arm pro 4.1.0/armtools/bin/../lib/gcc/arm-atollic-eabi/4.7.3/../../../../arm-atollic-eabi/lib/armv7-m\libc.a(lib_a-memmove.o)
                0x0800cbe8                memmove
 .text.__malloc_lock
                0x0800cc1c        0x2 c:/program files (x86)/atollic/truestudio for arm pro 4.1.0/armtools/bin/../lib/gcc/arm-atollic-eabi/4.7.3/../../../../arm-atollic-eabi/lib/armv7-m\libc.a(lib_a-mlock.o)
                0x0800cc1c                __malloc_lock
 .text.__malloc_unlock
                0x0800cc1e        0x2 c:/program files (x86)/atollic/truestudio for arm pro 4.1.0/armtools/bin/../lib/gcc/arm-atollic-eabi/4.7.3/../../../../arm-atollic-eabi/lib/armv7-m\libc.a(lib_a-mlock.o)
                0x0800cc1e                __malloc_unlock
 .text._realloc_r
                0x0800cc20      0x2dc c:/program files (x86)/atollic/truestudio for arm pro 4.1.0/armtools/bin/../lib/gcc/arm-atollic-eabi/4.7.3/../../../../arm-atollic-eabi/lib/armv7-m\libc.a(lib_a-reallocr.o)
                0x0800cc20                _realloc_r
 .text._sbrk_r  0x0800cefc       0x20 c:/program files (x86)/atollic/truestudio for arm pro 4.1.0/armtools/bin/../lib/gcc/arm-atollic-eabi/4.7.3/../../../../arm-atollic-eabi/lib/armv7-m\libc.a(lib_a-sbrkr.o)
                0x0800cefc                _sbrk_r
 .text._raise_r
                0x0800cf1c       0x50 c:/program files (x86)/atollic/truestudio for arm pro 4.1.0/armtools/bin/../lib/gcc/arm-atollic-eabi/4.7.3/../../../../arm-atollic-eabi/lib/armv7-m\libc.a(lib_a-signal.o)
                0x0800cf1c                _raise_r
 .text.raise    0x0800cf6c       0x10 c:/program files (x86)/atollic/truestudio for arm pro 4.1.0/armtools/bin/../lib/gcc/arm-atollic-eabi/4.7.3/../../../../arm-atollic-eabi/lib/armv7-m\libc.a(lib_a-signal.o)
                0x0800cf6c                raise
 .text._kill_r  0x0800cf7c       0x24 c:/program files (x86)/atollic/truestudio for arm pro 4.1.0/armtools/bin/../lib/gcc/arm-atollic-eabi/4.7.3/../../../../arm-atollic-eabi/lib/armv7-m\libc.a(lib_a-signalr.o)
                0x0800cf7c                _kill_r
 .text._getpid_r
                0x0800cfa0        0x4 c:/program files (x86)/atollic/truestudio for arm pro 4.1.0/armtools/bin/../lib/gcc/arm-atollic-eabi/4.7.3/../../../../arm-atollic-eabi/lib/armv7-m\libc.a(lib_a-signalr.o)
                0x0800cfa0                _getpid_r
 .text.__sread  0x0800cfa4       0x22 c:/program files (x86)/atollic/truestudio for arm pro 4.1.0/armtools/bin/../lib/gcc/arm-atollic-eabi/4.7.3/../../../../arm-atollic-eabi/lib/armv7-m\libc.a(lib_a-stdio.o)
                0x0800cfa4                __sread
 .text.__swrite
                0x0800cfc6       0x3c c:/program files (x86)/atollic/truestudio for arm pro 4.1.0/armtools/bin/../lib/gcc/arm-atollic-eabi/4.7.3/../../../../arm-atollic-eabi/lib/armv7-m\libc.a(lib_a-stdio.o)
                0x0800cfc6                __swrite
 .text.__sseek  0x0800d002       0x24 c:/program files (x86)/atollic/truestudio for arm pro 4.1.0/armtools/bin/../lib/gcc/arm-atollic-eabi/4.7.3/../../../../arm-atollic-eabi/lib/armv7-m\libc.a(lib_a-stdio.o)
                0x0800d002                __sseek
 .text.__sclose
                0x0800d026        0x8 c:/program files (x86)/atollic/truestudio for arm pro 4.1.0/armtools/bin/../lib/gcc/arm-atollic-eabi/4.7.3/../../../../arm-atollic-eabi/lib/armv7-m\libc.a(lib_a-stdio.o)
                0x0800d026                __sclose
 .text._getpid  0x0800d02e        0x4 c:/program files (x86)/atollic/truestudio for arm pro 4.1.0/armtools/bin/../lib/gcc/arm-atollic-eabi/4.7.3/../../../../arm-atollic-eabi/lib/armv7-m\libc.a(lib_a-syscalls.o)
                0x0800d02e                _getpid
 *fill*         0x0800d032        0x2 00
 .text._kill    0x0800d034       0x10 c:/program files (x86)/atollic/truestudio for arm pro 4.1.0/armtools/bin/../lib/gcc/arm-atollic-eabi/4.7.3/../../../../arm-atollic-eabi/lib/armv7-m\libc.a(lib_a-syscalls.o)
                0x0800d034                _kill
 .text._exit    0x0800d044        0xc c:/program files (x86)/atollic/truestudio for arm pro 4.1.0/armtools/bin/../lib/gcc/arm-atollic-eabi/4.7.3/../../../../arm-atollic-eabi/lib/armv7-m\libc.a(lib_a-syscalls.o)
                0x0800d044                _exit
 .text._write   0x0800d050        0x4 c:/program files (x86)/atollic/truestudio for arm pro 4.1.0/armtools/bin/../lib/gcc/arm-atollic-eabi/4.7.3/../../../../arm-atollic-eabi/lib/armv7-m\libc.a(lib_a-syscalls.o)
                0x0800d050                _write
 .text._sbrk    0x0800d054       0x34 c:/program files (x86)/atollic/truestudio for arm pro 4.1.0/armtools/bin/../lib/gcc/arm-atollic-eabi/4.7.3/../../../../arm-atollic-eabi/lib/armv7-m\libc.a(lib_a-syscalls.o)
                0x0800d054                _sbrk
 .text._close   0x0800d088        0x6 c:/program files (x86)/atollic/truestudio for arm pro 4.1.0/armtools/bin/../lib/gcc/arm-atollic-eabi/4.7.3/../../../../arm-atollic-eabi/lib/armv7-m\libc.a(lib_a-syscalls.o)
                0x0800d088                _close
 .text._fstat   0x0800d08e        0xa c:/program files (x86)/atollic/truestudio for arm pro 4.1.0/armtools/bin/../lib/gcc/arm-atollic-eabi/4.7.3/../../../../arm-atollic-eabi/lib/armv7-m\libc.a(lib_a-syscalls.o)
                0x0800d08e                _fstat
 .text._isatty  0x0800d098        0x4 c:/program files (x86)/atollic/truestudio for arm pro 4.1.0/armtools/bin/../lib/gcc/arm-atollic-eabi/4.7.3/../../../../arm-atollic-eabi/lib/armv7-m\libc.a(lib_a-syscalls.o)
                0x0800d098                _isatty
 .text._lseek   0x0800d09c        0x4 c:/program files (x86)/atollic/truestudio for arm pro 4.1.0/armtools/bin/../lib/gcc/arm-atollic-eabi/4.7.3/../../../../arm-atollic-eabi/lib/armv7-m\libc.a(lib_a-syscalls.o)
                0x0800d09c                _lseek
 .text._read    0x0800d0a0        0x4 c:/program files (x86)/atollic/truestudio for arm pro 4.1.0/armtools/bin/../lib/gcc/arm-atollic-eabi/4.7.3/../../../../arm-atollic-eabi/lib/armv7-m\libc.a(lib_a-syscalls.o)
                0x0800d0a0                _read
 .text.__swbuf_r
                0x0800d0a4       0xcc c:/program files (x86)/atollic/truestudio for arm pro 4.1.0/armtools/bin/../lib/gcc/arm-atollic-eabi/4.7.3/../../../../arm-atollic-eabi/lib/armv7-m\libc.a(lib_a-wbuf.o)
                0x0800d0a4                __swbuf_r
 .text._wcrtomb_r
                0x0800d170       0x4c c:/program files (x86)/atollic/truestudio for arm pro 4.1.0/armtools/bin/../lib/gcc/arm-atollic-eabi/4.7.3/../../../../arm-atollic-eabi/lib/armv7-m\libc.a(lib_a-wcrtomb.o)
                0x0800d170                _wcrtomb_r
 .text.__ascii_wctomb
                0x0800d1bc       0x1a c:/program files (x86)/atollic/truestudio for arm pro 4.1.0/armtools/bin/../lib/gcc/arm-atollic-eabi/4.7.3/../../../../arm-atollic-eabi/lib/armv7-m\libc.a(lib_a-wctomb_r.o)
                0x0800d1bc                __ascii_wctomb
 *fill*         0x0800d1d6        0x2 00
 .text._write_r
                0x0800d1d8       0x24 c:/program files (x86)/atollic/truestudio for arm pro 4.1.0/armtools/bin/../lib/gcc/arm-atollic-eabi/4.7.3/../../../../arm-atollic-eabi/lib/armv7-m\libc.a(lib_a-writer.o)
                0x0800d1d8                _write_r
 .text._close_r
                0x0800d1fc       0x20 c:/program files (x86)/atollic/truestudio for arm pro 4.1.0/armtools/bin/../lib/gcc/arm-atollic-eabi/4.7.3/../../../../arm-atollic-eabi/lib/armv7-m\libc.a(lib_a-closer.o)
                0x0800d1fc                _close_r
 .text._fclose_r
                0x0800d21c       0xac c:/program files (x86)/atollic/truestudio for arm pro 4.1.0/armtools/bin/../lib/gcc/arm-atollic-eabi/4.7.3/../../../../arm-atollic-eabi/lib/armv7-m\libc.a(lib_a-fclose.o)
                0x0800d21c                _fclose_r
 .text.fclose   0x0800d2c8       0x10 c:/program files (x86)/atollic/truestudio for arm pro 4.1.0/armtools/bin/../lib/gcc/arm-atollic-eabi/4.7.3/../../../../arm-atollic-eabi/lib/armv7-m\libc.a(lib_a-fclose.o)
                0x0800d2c8                fclose
 .text._fstat_r
                0x0800d2d8       0x24 c:/program files (x86)/atollic/truestudio for arm pro 4.1.0/armtools/bin/../lib/gcc/arm-atollic-eabi/4.7.3/../../../../arm-atollic-eabi/lib/armv7-m\libc.a(lib_a-fstatr.o)
                0x0800d2d8                _fstat_r
 .text._isatty_r
                0x0800d2fc       0x20 c:/program files (x86)/atollic/truestudio for arm pro 4.1.0/armtools/bin/../lib/gcc/arm-atollic-eabi/4.7.3/../../../../arm-atollic-eabi/lib/armv7-m\libc.a(lib_a-isattyr.o)
                0x0800d2fc                _isatty_r
 .text._lseek_r
                0x0800d31c       0x24 c:/program files (x86)/atollic/truestudio for arm pro 4.1.0/armtools/bin/../lib/gcc/arm-atollic-eabi/4.7.3/../../../../arm-atollic-eabi/lib/armv7-m\libc.a(lib_a-lseekr.o)
                0x0800d31c                _lseek_r
 .text._read_r  0x0800d340       0x24 c:/program files (x86)/atollic/truestudio for arm pro 4.1.0/armtools/bin/../lib/gcc/arm-atollic-eabi/4.7.3/../../../../arm-atollic-eabi/lib/armv7-m\libc.a(lib_a-readr.o)
                0x0800d340                _read_r
 *(.glue_7)
 .glue_7        0x00000000        0x0 linker stubs
 *(.glue_7t)
 .glue_7t       0x00000000        0x0 linker stubs
 *(.eh_frame)
 .eh_frame      0x0800d364        0x0 c:/program files (x86)/atollic/truestudio for arm pro 4.1.0/armtools/bin/../lib/gcc/arm-atollic-eabi/4.7.3/armv7-m/crtbegin.o
 *(.init)
 .init          0x0800d364        0x4 c:/program files (x86)/atollic/truestudio for arm pro 4.1.0/armtools/bin/../lib/gcc/arm-atollic-eabi/4.7.3/armv7-m/crti.o
                0x0800d364                _init
 .init          0x0800d368        0x8 c:/program files (x86)/atollic/truestudio for arm pro 4.1.0/armtools/bin/../lib/gcc/arm-atollic-eabi/4.7.3/armv7-m/crtn.o
 *(.fini)
 .fini          0x0800d370        0x4 c:/program files (x86)/atollic/truestudio for arm pro 4.1.0/armtools/bin/../lib/gcc/arm-atollic-eabi/4.7.3/armv7-m/crti.o
                0x0800d370                _fini
 .fini          0x0800d374        0x8 c:/program files (x86)/atollic/truestudio for arm pro 4.1.0/armtools/bin/../lib/gcc/arm-atollic-eabi/4.7.3/armv7-m/crtn.o
                0x0800d37c                . = ALIGN (0x4)
                0x0800d37c                _etext = .

.vfp11_veneer   0x0800d37c        0x0
 .vfp11_veneer  0x00000000        0x0 linker stubs

.v4_bx          0x0800d37c        0x0
 .v4_bx         0x00000000        0x0 linker stubs

.iplt           0x0800d37c        0x0
 .iplt          0x00000000        0x0 c:/program files (x86)/atollic/truestudio for arm pro 4.1.0/armtools/bin/../lib/gcc/arm-atollic-eabi/4.7.3/armv7-m/crtbegin.o

.rodata         0x0800d37c      0x5b4
                0x0800d37c                . = ALIGN (0x4)
 *(.rodata)
 .rodata        0x0800d37c       0x84 src\root_task.o
 .rodata        0x0800d400       0x20 src\main.o
 .rodata        0x0800d420       0x54 src\drive_task.o
 .rodata        0x0800d474       0x10 src\devices.o
 .rodata        0x0800d484        0x8 FreeRTOS\tasks.o
 .rodata        0x0800d48c       0xb4 Drivers\st_usart\st_usart.o
 *(.rodata*)
 .rodata.ctlServerConfig
                0x0800d540       0x20 src\drive_task.o
                0x0800d540                ctlServerConfig
 .rodata.ctlUartDma
                0x0800d560       0x18 src\drive_task.o
                0x0800d560                ctlUartDma
 .rodata.__FUNCTION__.8817
                0x0800d578       0x10 src\drive_task.o
 .rodata.__FUNCTION__.8795
                0x0800d588       0x10 src\drive_task.o
 .rodata._DEV_initFxn
                0x0800d598        0x8 src\devices.o
                0x0800d598                _DEV_initFxn
 .rodata._DEV_numStaticDevs
                0x0800d5a0        0x4 src\devices.o
                0x0800d5a0                _DEV_numStaticDevs
 .rodata.crctable
                0x0800d5a4       0x20 src\crc16.o
 .rodata.heapSTRUCT_SIZE
                0x0800d5c4        0x2 FreeRTOS\portable\MemMang\heap_2.o
 *fill*         0x0800d5c6        0x2 00
 .rodata.UART_PARAMS
                0x0800d5c8       0x18 Drivers\st_usart\st_usart.o
                0x0800d5c8                UART_PARAMS
 .rodata.Usart_IODEVFXNS
                0x0800d5e0       0x18 Drivers\st_usart\st_usart.o
                0x0800d5e0                Usart_IODEVFXNS
 .rodata.__FUNCTION__.8246
                0x0800d5f8       0x10 Drivers\st_usart\st_usart.o
 .rodata.__FUNCTION__.8236
                0x0800d608       0x10 Drivers\st_usart\st_usart.o
 .rodata.__FUNCTION__.8222
                0x0800d618       0x18 Drivers\st_usart\st_usart.o
 .rodata.__FUNCTION__.8210
                0x0800d630       0x18 Drivers\st_usart\st_usart.o
 .rodata.__FUNCTION__.8198
                0x0800d648       0x1c Drivers\st_usart\st_usart.o
 .rodata.__FUNCTION__.8183
                0x0800d664        0xc Drivers\st_usart\st_usart.o
 .rodata.__FUNCTION__.8174
                0x0800d670       0x18 Drivers\st_usart\st_usart.o
 .rodata.__FUNCTION__.8168
                0x0800d688       0x20 Drivers\st_usart\st_usart.o
 .rodata.__FUNCTION__.8159
                0x0800d6a8        0xc Drivers\st_usart\st_usart.o
 .rodata.__FUNCTION__.8142
                0x0800d6b4       0x18 Drivers\st_usart\st_usart.o
 .rodata.__FUNCTION__.8129
                0x0800d6cc       0x18 Drivers\st_usart\st_usart.o
 .rodata.__FUNCTION__.8115
                0x0800d6e4       0x14 Drivers\st_usart\st_usart.o
 .rodata.__FUNCTION__.8074
                0x0800d6f8       0x14 Drivers\st_usart\st_usart.o
 .rodata.Usart2_Rx_DmaSet
                0x0800d70c        0x8 Drivers\st_dma\st_dma.o
                0x0800d70c                Usart2_Rx_DmaSet
 .rodata.Usart2_Tx_DmaSet
                0x0800d714        0x8 Drivers\st_dma\st_dma.o
                0x0800d714                Usart2_Tx_DmaSet
 .rodata.Usart3_Rx_DmaSet
                0x0800d71c        0x8 Drivers\st_dma\st_dma.o
                0x0800d71c                Usart3_Rx_DmaSet
 .rodata.Usart3_Tx_DmaSet
                0x0800d724        0x8 Drivers\st_dma\st_dma.o
                0x0800d724                Usart3_Tx_DmaSet
 .rodata.Usart6_Rx_DmaSet
                0x0800d72c        0x8 Drivers\st_dma\st_dma.o
                0x0800d72c                Usart6_Rx_DmaSet
 .rodata.Usart6_Tx_DmaSet
                0x0800d734        0x8 Drivers\st_dma\st_dma.o
                0x0800d734                Usart6_Tx_DmaSet
 .rodata.I2C1_Rx_DmaSet
                0x0800d73c        0x8 Drivers\st_dma\st_dma.o
                0x0800d73c                I2C1_Rx_DmaSet
 .rodata.I2C1_Tx_DmaSet
                0x0800d744        0x8 Drivers\st_dma\st_dma.o
                0x0800d744                I2C1_Tx_DmaSet
 .rodata.dmacRes
                0x0800d74c       0x40 Drivers\st_dma\st_dma.o
                0x0800d74c                dmacRes
 .rodata.dmaStreamInfo
                0x0800d78c       0x60 Drivers\st_dma\st_dma.o
                0x0800d78c                dmaStreamInfo
 .rodata.dmaChanTable
                0x0800d7ec       0x20 Drivers\st_dma\st_dma.o
                0x0800d7ec                dmaChanTable
 .rodata.dmaTCflagid
                0x0800d80c       0x20 Drivers\st_dma\st_dma.o
                0x0800d80c                dmaTCflagid
 .rodata.GIO_CONFIG
                0x0800d82c       0x10 Drivers\src\gio\gio_cfg.o
                0x0800d82c                GIO_CONFIG
 .rodata.GIO    0x0800d83c        0x4 Drivers\src\gio\gio_cfg.o
                0x0800d83c                GIO
 .rodata.GIO_ATTRS
                0x0800d840        0x8 Drivers\src\gio\gio.o
                0x0800d840                GIO_ATTRS
 .rodata.str1.1
                0x0800d848       0x3c c:/program files (x86)/atollic/truestudio for arm pro 4.1.0/armtools/bin/../lib/gcc/arm-atollic-eabi/4.7.3/../../../../arm-atollic-eabi/lib/armv7-m\libc.a(lib_a-assert.o)
                                 0x3d (size before relaxing)
 .rodata.str1.1
                0x0800d884        0x2 c:/program files (x86)/atollic/truestudio for arm pro 4.1.0/armtools/bin/../lib/gcc/arm-atollic-eabi/4.7.3/../../../../arm-atollic-eabi/lib/armv7-m\libc.a(lib_a-impure.o)
 *fill*         0x0800d886        0x2 00
 .rodata._global_impure_ptr
                0x0800d888        0x4 c:/program files (x86)/atollic/truestudio for arm pro 4.1.0/armtools/bin/../lib/gcc/arm-atollic-eabi/4.7.3/../../../../arm-atollic-eabi/lib/armv7-m\libc.a(lib_a-impure.o)
                0x0800d888                _global_impure_ptr
 .rodata.blanks.6686
                0x0800d88c       0x10 c:/program files (x86)/atollic/truestudio for arm pro 4.1.0/armtools/bin/../lib/gcc/arm-atollic-eabi/4.7.3/../../../../arm-atollic-eabi/lib/armv7-m\libc.a(lib_a-vfiprintf.o)
 .rodata.str1.1
                0x0800d89c       0x22 c:/program files (x86)/atollic/truestudio for arm pro 4.1.0/armtools/bin/../lib/gcc/arm-atollic-eabi/4.7.3/../../../../arm-atollic-eabi/lib/armv7-m\libc.a(lib_a-vfiprintf.o)
 .rodata.zeroes.6687
                0x0800d8be       0x10 c:/program files (x86)/atollic/truestudio for arm pro 4.1.0/armtools/bin/../lib/gcc/arm-atollic-eabi/4.7.3/../../../../arm-atollic-eabi/lib/armv7-m\libc.a(lib_a-vfiprintf.o)
 *fill*         0x0800d8ce        0x2 00
 .rodata.__sf_fake_stdin
                0x0800d8d0       0x20 c:/program files (x86)/atollic/truestudio for arm pro 4.1.0/armtools/bin/../lib/gcc/arm-atollic-eabi/4.7.3/../../../../arm-atollic-eabi/lib/armv7-m\libc.a(lib_a-findfp.o)
                0x0800d8d0                __sf_fake_stdin
 .rodata.__sf_fake_stdout
                0x0800d8f0       0x20 c:/program files (x86)/atollic/truestudio for arm pro 4.1.0/armtools/bin/../lib/gcc/arm-atollic-eabi/4.7.3/../../../../arm-atollic-eabi/lib/armv7-m\libc.a(lib_a-findfp.o)
                0x0800d8f0                __sf_fake_stdout
 .rodata.__sf_fake_stderr
                0x0800d910       0x20 c:/program files (x86)/atollic/truestudio for arm pro 4.1.0/armtools/bin/../lib/gcc/arm-atollic-eabi/4.7.3/../../../../arm-atollic-eabi/lib/armv7-m\libc.a(lib_a-findfp.o)
                0x0800d910                __sf_fake_stderr
                0x0800d930                . = ALIGN (0x4)

.ARM.extab
 *(.ARM.extab* .gnu.linkonce.armextab.*)

.ARM            0x0800d930        0x8
                0x0800d930                __exidx_start = .
 *(.ARM.exidx*)
 .ARM.exidx     0x0800d930        0x8 c:/program files (x86)/atollic/truestudio for arm pro 4.1.0/armtools/bin/../lib/gcc/arm-atollic-eabi/4.7.3/armv7-m\libgcc.a(_divdi3.o)
 .ARM.exidx     0x0800d938        0x0 c:/program files (x86)/atollic/truestudio for arm pro 4.1.0/armtools/bin/../lib/gcc/arm-atollic-eabi/4.7.3/armv7-m\libgcc.a(_udivdi3.o)
                                  0x8 (size before relaxing)
                0x0800d938                __exidx_end = .

.rel.dyn        0x0800d938        0x0
 .rel.iplt      0x00000000        0x0 c:/program files (x86)/atollic/truestudio for arm pro 4.1.0/armtools/bin/../lib/gcc/arm-atollic-eabi/4.7.3/armv7-m/crtbegin.o

.preinit_array  0x0800d938        0x0
                0x0800d938                PROVIDE (__preinit_array_start, .)
 *(.preinit_array*)
                0x0800d938                PROVIDE (__preinit_array_end, .)

.init_array     0x0800d938        0x4
                0x0800d938                PROVIDE (__init_array_start, .)
 *(SORT(.init_array.*))
 *(.init_array*)
 .init_array    0x0800d938        0x4 c:/program files (x86)/atollic/truestudio for arm pro 4.1.0/armtools/bin/../lib/gcc/arm-atollic-eabi/4.7.3/armv7-m/crtbegin.o
                0x0800d93c                PROVIDE (__init_array_end, .)

.fini_array     0x0800d93c        0x4
                0x0800d93c                PROVIDE (__fini_array_start, .)
 *(SORT(.fini_array.*))
 *(.fini_array*)
 .fini_array    0x0800d93c        0x4 c:/program files (x86)/atollic/truestudio for arm pro 4.1.0/armtools/bin/../lib/gcc/arm-atollic-eabi/4.7.3/armv7-m/crtbegin.o
                0x0800d940                PROVIDE (__fini_array_end, .)
                0x0800d940                _sidata = LOADADDR (.data)

.data           0x20000000      0x6a4 load address 0x0800d940
                0x20000000                . = ALIGN (0x4)
                0x20000000                _sdata = .
 *(.data)
 *(.data*)
 .data.SystemCoreClock
                0x20000000        0x4 src\system_stm32f2xx.o
                0x20000000                SystemCoreClock
 .data.ctlRxServerTaskName
                0x20000004        0x8 src\root_task.o
                0x20000004                ctlRxServerTaskName
 .data.ctlTxServerTaskName
                0x2000000c        0x8 src\root_task.o
                0x2000000c                ctlTxServerTaskName
 .data.ctlRxServerQueueName
                0x20000014        0x8 src\root_task.o
                0x20000014                ctlRxServerQueueName
 .data.ctlTxServerQueueName
                0x2000001c        0x8 src\root_task.o
                0x2000001c                ctlTxServerQueueName
 .data.T3_CCR1_Val
                0x20000024        0x2 src\drive_task.o
                0x20000024                T3_CCR1_Val
 .data.CCR2_Val
                0x20000026        0x2 src\drive_task.o
                0x20000026                CCR2_Val
 .data.CCR3_Val
                0x20000028        0x2 src\drive_task.o
                0x20000028                CCR3_Val
 .data.CCR4_Val
                0x2000002a        0x2 src\drive_task.o
                0x2000002a                CCR4_Val
 .data.Timer1Clk
                0x2000002c        0x4 src\drive_task.o
                0x2000002c                Timer1Clk
 .data.DriveStatus
                0x20000030       0x2c src\drive_task.o
                0x20000030                DriveStatus
 .data.MccDataOut
                0x2000005c       0x1c src\drive_task.o
                0x2000005c                MccDataOut
 .data._DEV_staticDevTable
                0x20000078       0x38 src\devices.o
                0x20000078                _DEV_staticDevTable
 .data.APBAHBPrescTable
                0x200000b0       0x10 Libraries\STM32F2xx_StdPeriph_Driver\src\stm32f2xx_rcc.o
 .data.xNextTaskUnblockTime
                0x200000c0        0x4 FreeRTOS\tasks.o
 .data.xFreeBytesRemaining
                0x200000c4        0x4 FreeRTOS\portable\MemMang\heap_2.o
 .data.uxCriticalNesting
                0x200000c8        0x4 FreeRTOS\portable\GCC\ARM_CM3\port.o
 .data.Usart_module
                0x200000cc        0x4 Drivers\st_usart\st_usart.o
 .data.Usart2_DmaResource
                0x200000d0       0x28 Drivers\st_dma\st_dma.o
                0x200000d0                Usart2_DmaResource
 .data.Usart3_DmaResource
                0x200000f8       0x28 Drivers\st_dma\st_dma.o
                0x200000f8                Usart3_DmaResource
 .data.Usart6_DmaResource
                0x20000120       0x28 Drivers\st_dma\st_dma.o
                0x20000120                Usart6_DmaResource
 .data.I2C1_DmaResource
                0x20000148       0x28 Drivers\st_dma\st_dma.o
                0x20000148                I2C1_DmaResource
 .data.DEV_table
                0x20000170        0x8 Drivers\src\dev_data.o
                0x20000170                DEV_table
 .data.impure_data
                0x20000178       0xf0 c:/program files (x86)/atollic/truestudio for arm pro 4.1.0/armtools/bin/../lib/gcc/arm-atollic-eabi/4.7.3/../../../../arm-atollic-eabi/lib/armv7-m\libc.a(lib_a-impure.o)
 .data._impure_ptr
                0x20000268        0x4 c:/program files (x86)/atollic/truestudio for arm pro 4.1.0/armtools/bin/../lib/gcc/arm-atollic-eabi/4.7.3/../../../../arm-atollic-eabi/lib/armv7-m\libc.a(lib_a-impure.o)
                0x20000268                _impure_ptr
 .data.lc_ctype_charset
                0x2000026c       0x20 c:/program files (x86)/atollic/truestudio for arm pro 4.1.0/armtools/bin/../lib/gcc/arm-atollic-eabi/4.7.3/../../../../arm-atollic-eabi/lib/armv7-m\libc.a(lib_a-locale.o)
 .data.__mb_cur_max
                0x2000028c        0x4 c:/program files (x86)/atollic/truestudio for arm pro 4.1.0/armtools/bin/../lib/gcc/arm-atollic-eabi/4.7.3/../../../../arm-atollic-eabi/lib/armv7-m\libc.a(lib_a-locale.o)
                0x2000028c                __mb_cur_max
 .data.__malloc_av_
                0x20000290      0x408 c:/program files (x86)/atollic/truestudio for arm pro 4.1.0/armtools/bin/../lib/gcc/arm-atollic-eabi/4.7.3/../../../../arm-atollic-eabi/lib/armv7-m\libc.a(lib_a-mallocr.o)
                0x20000290                __malloc_av_
 .data.__malloc_trim_threshold
                0x20000698        0x4 c:/program files (x86)/atollic/truestudio for arm pro 4.1.0/armtools/bin/../lib/gcc/arm-atollic-eabi/4.7.3/../../../../arm-atollic-eabi/lib/armv7-m\libc.a(lib_a-mallocr.o)
                0x20000698                __malloc_trim_threshold
 .data.__malloc_sbrk_base
                0x2000069c        0x4 c:/program files (x86)/atollic/truestudio for arm pro 4.1.0/armtools/bin/../lib/gcc/arm-atollic-eabi/4.7.3/../../../../arm-atollic-eabi/lib/armv7-m\libc.a(lib_a-mallocr.o)
                0x2000069c                __malloc_sbrk_base
 .data.__wctomb
                0x200006a0        0x4 c:/program files (x86)/atollic/truestudio for arm pro 4.1.0/armtools/bin/../lib/gcc/arm-atollic-eabi/4.7.3/../../../../arm-atollic-eabi/lib/armv7-m\libc.a(lib_a-wctomb_r.o)
                0x200006a0                __wctomb
                0x200006a4                . = ALIGN (0x4)
                0x200006a4                _edata = .

.jcr            0x200006a4        0x0 load address 0x0800dfe4
 .jcr           0x200006a4        0x0 c:/program files (x86)/atollic/truestudio for arm pro 4.1.0/armtools/bin/../lib/gcc/arm-atollic-eabi/4.7.3/armv7-m/crtbegin.o

.igot.plt       0x200006a4        0x0 load address 0x0800dfe4
 .igot.plt      0x00000000        0x0 c:/program files (x86)/atollic/truestudio for arm pro 4.1.0/armtools/bin/../lib/gcc/arm-atollic-eabi/4.7.3/armv7-m/crtbegin.o
                0x200006a4                . = ALIGN (0x4)

.bss            0x200006a8     0x5b28 load address 0x0800dfe8
                0x200006a8                _sbss = .
                0x200006a8                __bss_start__ = _sbss
 *(.bss)
 .bss           0x200006a8       0x1c c:/program files (x86)/atollic/truestudio for arm pro 4.1.0/armtools/bin/../lib/gcc/arm-atollic-eabi/4.7.3/armv7-m/crtbegin.o
 *(.bss*)
 .bss.isrLevel  0x200006c4        0x4 src\stm32f2xx_it.o
                0x200006c4                isrLevel
 .bss.ctlRxServerTaskHndl
                0x200006c8        0x8 src\root_task.o
                0x200006c8                ctlRxServerTaskHndl
 .bss.ctlTxServerTaskHndl
                0x200006d0        0x8 src\root_task.o
                0x200006d0                ctlTxServerTaskHndl
 .bss.uartInputHandle
                0x200006d8       0x18 src\root_task.o
                0x200006d8                uartInputHandle
 .bss.uartOutputHandle
                0x200006f0       0x18 src\root_task.o
                0x200006f0                uartOutputHandle
 .bss.i         0x20000708        0x4 src\main.o
                0x20000708                i
 .bss.rootTaskHndl
                0x2000070c        0x4 src\main.o
                0x2000070c                rootTaskHndl
 .bss.MccTimeoutFlag
                0x20000710        0x1 src\hostcomm.o
                0x20000710                MccTimeoutFlag
 *fill*         0x20000711        0x3 00
 .bss.hCmdMbx   0x20000714        0x4 src\hcmdtask.o
                0x20000714                hCmdMbx
 .bss.responsePayloadBuffer
                0x20000718       0x98 src\hcmd.o
 .bss.responseDriveBuffer
                0x200007b0       0x64 src\hcmd.o
 .bss.capture_3
                0x20000814        0x2 src\handlers.o
                0x20000814                capture_3
 .bss.datacnt   0x20000816        0x2 src\handlers.o
                0x20000816                datacnt
 .bss.hCtlUart_IN
                0x20000818        0x8 src\drive_task.o
                0x20000818                hCtlUart_IN
 .bss.hCtlUart_OUT
                0x20000820        0x8 src\drive_task.o
                0x20000820                hCtlUart_OUT
 .bss.ctlOutQ   0x20000828        0x8 src\drive_task.o
                0x20000828                ctlOutQ
 .bss.ctlInQ    0x20000830        0x8 src\drive_task.o
                0x20000830                ctlInQ
 .bss.Timer_4_Period
                0x20000838        0x2 src\drive_task.o
                0x20000838                Timer_4_Period
 .bss.ForwardFlag_1
                0x2000083a        0x1 src\drive_task.o
                0x2000083a                ForwardFlag_1
 .bss.ForwardFlag_2
                0x2000083b        0x1 src\drive_task.o
                0x2000083b                ForwardFlag_2
 .bss.interpScanSkipCount
                0x2000083c        0x4 src\drive_task.o
                0x2000083c                interpScanSkipCount
 .bss.pxCurrentTCB
                0x20000840        0x4 FreeRTOS\tasks.o
                0x20000840                pxCurrentTCB
 .bss.pxReadyTasksLists
                0x20000844      0x140 FreeRTOS\tasks.o
 .bss.xDelayedTaskList1
                0x20000984       0x14 FreeRTOS\tasks.o
 .bss.xDelayedTaskList2
                0x20000998       0x14 FreeRTOS\tasks.o
 .bss.pxDelayedTaskList
                0x200009ac        0x4 FreeRTOS\tasks.o
 .bss.pxOverflowDelayedTaskList
                0x200009b0        0x4 FreeRTOS\tasks.o
 .bss.xPendingReadyList
                0x200009b4       0x14 FreeRTOS\tasks.o
 .bss.xTasksWaitingTermination
                0x200009c8       0x14 FreeRTOS\tasks.o
 .bss.uxTasksDeleted
                0x200009dc        0x4 FreeRTOS\tasks.o
 .bss.xSuspendedTaskList
                0x200009e0       0x14 FreeRTOS\tasks.o
 .bss.uxCurrentNumberOfTasks
                0x200009f4        0x4 FreeRTOS\tasks.o
 .bss.xTickCount
                0x200009f8        0x4 FreeRTOS\tasks.o
 .bss.uxTopUsedPriority
                0x200009fc        0x4 FreeRTOS\tasks.o
 .bss.uxTopReadyPriority
                0x20000a00        0x4 FreeRTOS\tasks.o
 .bss.xSchedulerRunning
                0x20000a04        0x4 FreeRTOS\tasks.o
 .bss.uxSchedulerSuspended
                0x20000a08        0x4 FreeRTOS\tasks.o
 .bss.uxMissedTicks
                0x20000a0c        0x4 FreeRTOS\tasks.o
 .bss.xMissedYield
                0x20000a10        0x4 FreeRTOS\tasks.o
 .bss.xNumOfOverflows
                0x20000a14        0x4 FreeRTOS\tasks.o
 .bss.uxTaskNumber
                0x20000a18        0x4 FreeRTOS\tasks.o
 *fill*         0x20000a1c        0x4 00
 .bss.xHeap     0x20000a20     0x4400 FreeRTOS\portable\MemMang\heap_2.o
 .bss.xStart    0x20004e20        0x8 FreeRTOS\portable\MemMang\heap_2.o
 .bss.xEnd      0x20004e28        0x8 FreeRTOS\portable\MemMang\heap_2.o
 .bss.xHeapHasBeenInitialised.4825
                0x20004e30        0x4 FreeRTOS\portable\MemMang\heap_2.o
 .bss.inUse     0x20004e34        0x8 Drivers\st_usart\st_usart.o
 .bss.Usart_Instances
                0x20004e3c      0x840 Drivers\st_usart\st_usart.o
 .bss.__malloc_max_total_mem
                0x2000567c        0x4 c:/program files (x86)/atollic/truestudio for arm pro 4.1.0/armtools/bin/../lib/gcc/arm-atollic-eabi/4.7.3/../../../../arm-atollic-eabi/lib/armv7-m\libc.a(lib_a-mallocr.o)
                0x2000567c                __malloc_max_total_mem
 .bss.__malloc_max_sbrked_mem
                0x20005680        0x4 c:/program files (x86)/atollic/truestudio for arm pro 4.1.0/armtools/bin/../lib/gcc/arm-atollic-eabi/4.7.3/../../../../arm-atollic-eabi/lib/armv7-m\libc.a(lib_a-mallocr.o)
                0x20005680                __malloc_max_sbrked_mem
 .bss.__malloc_top_pad
                0x20005684        0x4 c:/program files (x86)/atollic/truestudio for arm pro 4.1.0/armtools/bin/../lib/gcc/arm-atollic-eabi/4.7.3/../../../../arm-atollic-eabi/lib/armv7-m\libc.a(lib_a-mallocr.o)
                0x20005684                __malloc_top_pad
 .bss.__malloc_current_mallinfo
                0x20005688       0x28 c:/program files (x86)/atollic/truestudio for arm pro 4.1.0/armtools/bin/../lib/gcc/arm-atollic-eabi/4.7.3/../../../../arm-atollic-eabi/lib/armv7-m\libc.a(lib_a-mallocr.o)
                0x20005688                __malloc_current_mallinfo
 .bss.heap_end.5109
                0x200056b0        0x4 c:/program files (x86)/atollic/truestudio for arm pro 4.1.0/armtools/bin/../lib/gcc/arm-atollic-eabi/4.7.3/../../../../arm-atollic-eabi/lib/armv7-m\libc.a(lib_a-syscalls.o)
 *(COMMON)
 COMMON         0x200056b4      0x4c0 src\root_task.o
                0x200056b4                cmdResBuffers
                0x200056c4                cmdResBuffersMemory
                0x200059b4                cmdBuffersMemory
                0x20005b64                cmdBuffers
 COMMON         0x20005b74      0x288 src\irqhndl.o
                0x20005b74                irqHandler
                0x20005cb8                irqHandlerArg
 COMMON         0x20005dfc       0x70 src\hcmdtask.o
                0x20005dfc                intHost
 COMMON         0x20005e6c      0x184 src\drive_task.o
                0x20005e6c                ctlDevParams
                0x20005e9c                AbsEncoderData
                0x20005ea0                Timer_4_Sem
                0x20005ea4                Timer_3_Sem
                0x20005ea8                MccDataIn
                0x20005ec4                intCtl
                0x20005f94                drv_1
                0x20005fc0                drv_2
                0x20005fec                DriveIntQueue
 COMMON         0x20005ff0       0x12 src\Mcc_SPI.o
                0x20005ff0                initSPI
 *fill*         0x20006002        0x2 00
 COMMON         0x20006004      0x148 src\InitHost.o
                0x20006004                MemAreaRXPool1
                0x2000613c                hostRxPool
 COMMON         0x2000614c       0x80 FreeRTOS\queue.o
                0x2000614c                xQueueRegistry
 COMMON         0x200061cc        0x4 c:/program files (x86)/atollic/truestudio for arm pro 4.1.0/armtools/bin/../lib/gcc/arm-atollic-eabi/4.7.3/../../../../arm-atollic-eabi/lib/armv7-m\libc.a(lib_a-reent.o)
                0x200061cc                errno
                0x200061d0                . = ALIGN (0x4)
                0x200061d0                _ebss = .
                0x200061d0                __bss_end__ = _ebss

._user_heap_stack
                0x200061d0      0x400 load address 0x0800dfe4
                0x200061d0                . = ALIGN (0x4)
                0x200061d0                PROVIDE (end, .)
                0x200061d0                PROVIDE (_end, .)
                0x200061d0                . = (. + _Min_Heap_Size)
                0x200065d0                . = (. + _Min_Stack_Size)
 *fill*         0x200061d0      0x400 00
                0x200065d0                . = ALIGN (0x4)

.memory_b1_text
 *(.mb1text)
 *(.mb1text*)
 *(.mb1rodata)
 *(.mb1rodata*)

/DISCARD/
 libc.a(*)
 libm.a(*)
 libgcc.a(*)

.ARM.attributes
                0x00000000       0x29
 *(.ARM.attributes)
 .ARM.attributes
                0x00000000       0x1d c:/program files (x86)/atollic/truestudio for arm pro 4.1.0/armtools/bin/../lib/gcc/arm-atollic-eabi/4.7.3/armv7-m/crti.o
 .ARM.attributes
                0x0000001d       0x2d c:/program files (x86)/atollic/truestudio for arm pro 4.1.0/armtools/bin/../lib/gcc/arm-atollic-eabi/4.7.3/armv7-m/crtbegin.o
 .ARM.attributes
                0x0000004a       0x33 src\system_stm32f2xx.o
 .ARM.attributes
                0x0000007d       0x33 src\stm32f2xx_it.o
 .ARM.attributes
                0x000000b0       0x21 src\startup_stm32f2xx.o
 .ARM.attributes
                0x000000d1       0x33 src\root_task.o
 .ARM.attributes
                0x00000104       0x33 src\packetbuf.o
 .ARM.attributes
                0x00000137       0x33 src\oshooks.o
 .ARM.attributes
                0x0000016a       0x33 src\main.o
 .ARM.attributes
                0x0000019d       0x33 src\itoa.o
 .ARM.attributes
                0x000001d0       0x33 src\irqhndl.o
 .ARM.attributes
                0x00000203       0x33 src\hostcomm.o
 .ARM.attributes
                0x00000236       0x33 src\hcmdtask.o
 .ARM.attributes
                0x00000269       0x33 src\hcmd.o
 .ARM.attributes
                0x0000029c       0x33 src\handlers.o
 .ARM.attributes
                0x000002cf       0x33 src\drive_task.o
 .ARM.attributes
                0x00000302       0x33 src\drive_comm.o
 .ARM.attributes
                0x00000335       0x33 src\devices.o
 .ARM.attributes
                0x00000368       0x33 src\crc16.o
 .ARM.attributes
                0x0000039b       0x33 src\Mcc_SPI.o
 .ARM.attributes
                0x000003ce       0x33 src\InitHost.o
 .ARM.attributes
                0x00000401       0x33 src\AbsEncoderSSI.o
 .ARM.attributes
                0x00000434       0x33 Libraries\STM32F2xx_StdPeriph_Driver\src\stm32f2xx_usart.o
 .ARM.attributes
                0x00000467       0x33 Libraries\STM32F2xx_StdPeriph_Driver\src\stm32f2xx_tim.o
 .ARM.attributes
                0x0000049a       0x33 Libraries\STM32F2xx_StdPeriph_Driver\src\stm32f2xx_spi.o
 .ARM.attributes
                0x000004cd       0x33 Libraries\STM32F2xx_StdPeriph_Driver\src\stm32f2xx_rcc.o
 .ARM.attributes
                0x00000500       0x33 Libraries\STM32F2xx_StdPeriph_Driver\src\stm32f2xx_gpio.o
 .ARM.attributes
                0x00000533       0x33 Libraries\STM32F2xx_StdPeriph_Driver\src\stm32f2xx_dma.o
 .ARM.attributes
                0x00000566       0x33 Libraries\STM32F2xx_StdPeriph_Driver\src\misc.o
 .ARM.attributes
                0x00000599       0x33 FreeRTOS\tasks.o
 .ARM.attributes
                0x000005cc       0x33 FreeRTOS\queue.o
 .ARM.attributes
                0x000005ff       0x33 FreeRTOS\portable\MemMang\heap_2.o
 .ARM.attributes
                0x00000632       0x33 FreeRTOS\portable\GCC\ARM_CM3\port.o
 .ARM.attributes
                0x00000665       0x33 FreeRTOS\list.o
 .ARM.attributes
                0x00000698       0x33 Drivers\st_usart\st_usart.o
 .ARM.attributes
                0x000006cb       0x33 Drivers\st_dma\st_dma.o
 .ARM.attributes
                0x000006fe       0x33 Drivers\src\sem.o
 .ARM.attributes
                0x00000731       0x33 Drivers\src\que.o
 .ARM.attributes
                0x00000764       0x33 Drivers\src\membuf.o
 .ARM.attributes
                0x00000797       0x33 Drivers\src\gio\gio_submit.o
 .ARM.attributes
                0x000007ca       0x33 Drivers\src\gio\gio_delete.o
 .ARM.attributes
                0x000007fd       0x33 Drivers\src\gio\gio_create.o
 .ARM.attributes
                0x00000830       0x33 Drivers\src\gio\gio_cfg.o
 .ARM.attributes
                0x00000863       0x33 Drivers\src\gio\gio_callback.o
 .ARM.attributes
                0x00000896       0x33 Drivers\src\gio\gio.o
 .ARM.attributes
                0x000008c9       0x33 Drivers\src\dev_data.o
 .ARM.attributes
                0x000008fc       0x33 Drivers\src\dev.o
 .ARM.attributes
                0x0000092f       0x2d c:/program files (x86)/atollic/truestudio for arm pro 4.1.0/armtools/bin/../lib/gcc/arm-atollic-eabi/4.7.3/../../../../arm-atollic-eabi/lib/armv7-m\libc.a(lib_a-assert.o)
 .ARM.attributes
                0x0000095c       0x2d c:/program files (x86)/atollic/truestudio for arm pro 4.1.0/armtools/bin/../lib/gcc/arm-atollic-eabi/4.7.3/../../../../arm-atollic-eabi/lib/armv7-m\libc.a(lib_a-fiprintf.o)
 .ARM.attributes
                0x00000989       0x2d c:/program files (x86)/atollic/truestudio for arm pro 4.1.0/armtools/bin/../lib/gcc/arm-atollic-eabi/4.7.3/../../../../arm-atollic-eabi/lib/armv7-m\libc.a(lib_a-impure.o)
 .ARM.attributes
                0x000009b6       0x2d c:/program files (x86)/atollic/truestudio for arm pro 4.1.0/armtools/bin/../lib/gcc/arm-atollic-eabi/4.7.3/../../../../arm-atollic-eabi/lib/armv7-m\libc.a(lib_a-init.o)
 .ARM.attributes
                0x000009e3       0x2d c:/program files (x86)/atollic/truestudio for arm pro 4.1.0/armtools/bin/../lib/gcc/arm-atollic-eabi/4.7.3/../../../../arm-atollic-eabi/lib/armv7-m\libc.a(lib_a-memcpy.o)
 .ARM.attributes
                0x00000a10       0x2d c:/program files (x86)/atollic/truestudio for arm pro 4.1.0/armtools/bin/../lib/gcc/arm-atollic-eabi/4.7.3/../../../../arm-atollic-eabi/lib/armv7-m\libc.a(lib_a-memset.o)
 .ARM.attributes
                0x00000a3d       0x2d c:/program files (x86)/atollic/truestudio for arm pro 4.1.0/armtools/bin/../lib/gcc/arm-atollic-eabi/4.7.3/../../../../arm-atollic-eabi/lib/armv7-m\libc.a(lib_a-strcat.o)
 .ARM.attributes
                0x00000a6a       0x2d c:/program files (x86)/atollic/truestudio for arm pro 4.1.0/armtools/bin/../lib/gcc/arm-atollic-eabi/4.7.3/../../../../arm-atollic-eabi/lib/armv7-m\libc.a(lib_a-strlen.o)
 .ARM.attributes
                0x00000a97       0x2d c:/program files (x86)/atollic/truestudio for arm pro 4.1.0/armtools/bin/../lib/gcc/arm-atollic-eabi/4.7.3/../../../../arm-atollic-eabi/lib/armv7-m\libc.a(lib_a-strncmp.o)
 .ARM.attributes
                0x00000ac4       0x2d c:/program files (x86)/atollic/truestudio for arm pro 4.1.0/armtools/bin/../lib/gcc/arm-atollic-eabi/4.7.3/../../../../arm-atollic-eabi/lib/armv7-m\libc.a(lib_a-strncpy.o)
 .ARM.attributes